/home/leo/code/breos-070-pvonlyfields/breos/degradation/engine.py:111: BlastExperimentalRangeWarning: BLAST model 'nmc_gr_50ah_b1' received dod range [0.00017244, 0.00017244] outside experimental range [0.8, 1].
  self._warning_collector.check_experimental_range(t_secs, soc, temperature_c)
/home/leo/code/breos-070-pvonlyfields/breos/degradation/blast/degradation_model.py:60: RuntimeWarning: divide by zero encountered in scalar divide
  elif y0 / k > 0:
/home/leo/code/breos-070-pvonlyfields/breos/degradation/blast/degradation_model.py:61: RuntimeWarning: divide by zero encountered in scalar divide
  dydx = k * p * ((y0 / k) ** ((p - 1) / p))
/home/leo/code/breos-070-pvonlyfields/breos/degradation/blast/degradation_model.py:60: RuntimeWarning: divide by zero encountered in scalar divide
  elif y0 / k > 0:
/home/leo/code/breos-070-pvonlyfields/breos/degradation/blast/degradation_model.py:61: RuntimeWarning: divide by zero encountered in scalar divide
  dydx = k * p * ((y0 / k) ** ((p - 1) / p))
/home/leo/code/breos-070-pvonlyfields/breos/degradation/blast/degradation_model.py:60: RuntimeWarning: divide by zero encountered in scalar divide
  elif y0 / k > 0:
/home/leo/code/breos-070-pvonlyfields/breos/degradation/blast/degradation_model.py:61: RuntimeWarning: divide by zero encountered in scalar divide
  dydx = k * p * ((y0 / k) ** ((p - 1) / p))
/home/leo/code/breos-070-pvonlyfields/breos/degradation/engine.py:111: BlastExperimentalRangeWarning: BLAST model 'nmc_gr_50ah_b1' received dod range [0.00028095, 0.00028095] outside experimental range [0.8, 1].
  self._warning_collector.check_experimental_range(t_secs, soc, temperature_c)
/home/leo/code/breos-070-pvonlyfields/breos/degradation/blast/degradation_model.py:60: RuntimeWarning: divide by zero encountered in scalar divide
  elif y0 / k > 0:
/home/leo/code/breos-070-pvonlyfields/breos/degradation/blast/degradation_model.py:61: RuntimeWarning: divide by zero encountered in scalar divide
  dydx = k * p * ((y0 / k) ** ((p - 1) / p))
/home/leo/code/breos-070-pvonlyfields/breos/degradation/blast/degradation_model.py:60: RuntimeWarning: divide by zero encountered in scalar divide
  elif y0 / k > 0:
/home/leo/code/breos-070-pvonlyfields/breos/degradation/blast/degradation_model.py:61: RuntimeWarning: divide by zero encountered in scalar divide
  dydx = k * p * ((y0 / k) ** ((p - 1) / p))
/home/leo/code/breos-070-pvonlyfields/breos/degradation/blast/degradation_model.py:60: RuntimeWarning: divide by zero encountered in scalar divide
  elif y0 / k > 0:
/home/leo/code/breos-070-pvonlyfields/breos/degradation/blast/degradation_model.py:61: RuntimeWarning: divide by zero encountered in scalar divide
  dydx = k * p * ((y0 / k) ** ((p - 1) / p))
PASS: 0 difference(s)
