=== fixed starting 2026-09-03T19:19:06+01:00 ===
execution: {"execution_backend": "numba", "jit_cache": "unknown", "llvmlite": "0.48.0", "numba": "0.66.0", "numpy": "2.4.6", "pandas": "3.0.5", "python": "3.13.14"}

[1/3] /tmp/breos-062-release.Zb9Wcm/.venv/bin/python /tmp/breos-062-release.Zb9Wcm/tools/preflight_article1_inputs.py --rlp-directory /tmp/breos-062-release.Zb9Wcm/dev/article1-inputs/rlp --historical-weather-file /tmp/breos-062-release.Zb9Wcm/dev/article1-inputs/weather/porto_historical_2005_2024_openmeteo.csv --output /tmp/breos-062-release.Zb9Wcm/results/publication-1c/input-manifest.json
Input preflight for the forthcoming publication passed; wrote /tmp/breos-062-release.Zb9Wcm/results/publication-1c/input-manifest.json

[2/3] /tmp/breos-062-release.Zb9Wcm/.venv/bin/python /tmp/breos-062-release.Zb9Wcm/tools/reproduce_article1_montecarlo.py --case all --rlp-directory /tmp/breos-062-release.Zb9Wcm/dev/article1-inputs/rlp --weather-file /tmp/breos-062-release.Zb9Wcm/dev/article1-inputs/weather/porto_historical_2005_2024_openmeteo.csv --validate-only
Validated the forthcoming publication's Monte Carlo configuration for: C1, C2, C3, C4, C5

[3/3] /tmp/breos-062-release.Zb9Wcm/.venv/bin/python /tmp/breos-062-release.Zb9Wcm/tools/reproduce_article1.py --rlp-directory /tmp/breos-062-release.Zb9Wcm/dev/article1-inputs/rlp --execution-backend numba --output /tmp/breos-062-release.Zb9Wcm/results/publication-1c/base-v1
Label  Modules  Battery_kWh  Tilt  Azimuth  Reference_Projected_GI_%  BREOS_Projected_GI_%  GI_Difference_pp  Reference_Projected_NPV_Eur  BREOS_Projected_NPV_Eur  NPV_Difference_Eur  Projected_Grid_Independence_%  Projected_Grid_Independence_Year1_%  Projected_Grid_Independence_FinalYear_%  Projected_Grid_Independence_Mean_%  Projected_Grid_Independence_Min_%  Projected_ZEB_Ratio  Projected_ZEB_Ratio_Year1  Projected_ZEB_Ratio_FinalYear  Projected_ZEB_Ratio_Mean  Projected_ZEB_Ratio_Min  Projected_NPV_Eur  Projected_Breakeven_Year  Projected_Breakeven_Year_Exact  Projected_Initial_Cost_Eur  Projected_Replacement_Cost_Eur  Projected_Total_Replacements  Projected_Final_SOH_%  Projected_PV_Production_Year1_kWh  Projected_PV_Production_FinalYear_kWh  Projected_PV_DC_Year1_kWh  Projected_PV_DC_FinalYear_kWh  Projected_PV_DC_Curtailed_Year1_kWh  Projected_Inverter_Loss_Year1_kWh  Projected_LCOE_Eur_kWh  Projected_CO2_Avoided_Total_kg  Projected_CO2_Avoided_SelfConsumed_kg
   C1        6          0.0  30.0    200.0                 40.705196             40.705196               0.0                  5451.832387              5451.832387                 0.0                      40.705196                            41.078325                                40.324021                           40.705196                          40.324021             0.976875                   1.023334                       0.931226                  0.976875                 0.931226        5451.832387                       6.0                        5.393642                   2820.1968                             0.0                             0             100.000000                        5116.668218                            4656.131381                5346.769102                    4861.048608                             7.513262                         222.587622                0.060308                    12495.209345                            5206.601664
   C2        9          7.0  35.0    200.0                 71.243464             71.243464               0.0                  3271.494375              3271.494375                 0.0                      71.243464                            76.105872                                67.427791                           71.243464                          67.427791             1.445833                   1.511453                       1.380682                  1.445833                 1.380682        3271.494375                      14.0                       13.914817                   8294.9668                          3500.0                             1              70.914318                        7557.262707                            6903.409570                8073.266842                    7339.861101                             9.286252                         381.077085                0.133364                    18493.655568                            9111.319176
   C3        9          9.0  35.0    195.0                 77.962615             77.962615               0.0                  2650.367512              2650.367512                 0.0                      77.962615                            82.509737                                73.683683                           77.962615                          73.683683             1.439798                   1.506344                       1.374401                  1.439798                 1.374401        2650.367512                      16.0                       15.311024                   9294.9668                          4500.0                             1              70.894732                        7531.720880                            6872.002804                8075.643270                    7342.021646                             8.814326                         386.988772                0.152854                    18416.459573                            9970.350918
   C4        9         20.0  50.0    185.0                 89.948275             89.948275               0.0                 -4937.606747             -4937.606747                 0.0                      89.948275                            91.685975                                88.559729                           89.948275                          88.559729             1.393000                   1.460869                       1.326451                  1.393000                 1.326451       -4937.606747                       NaN                             NaN                  14794.9668                         10000.0                             1              73.011314                        7304.345399                            6632.254003                7885.202123                    7168.880884                             4.979294                         391.892581                0.265591                    17817.867458                           11501.181251
   C5        4          0.0  35.0    180.0                 36.856680             36.856680               0.0                  5231.641773              5231.641773                 0.0                      36.856680                            37.297786                                36.407541                           36.856680                          36.407541             0.649741                   0.680634                       0.619414                  0.649741                 0.619414        5231.641773                       5.0                        4.135452                   1880.1312                             0.0                             0             100.000000                        3403.172457                            3097.068827                3557.093989                    3233.954273                             5.607095                         148.314437                0.060448                     8310.832153                            4714.337905

Wrote /tmp/breos-062-release.Zb9Wcm/results/publication-1c/base-v1/fixed_candidates.csv
Wrote /tmp/breos-062-release.Zb9Wcm/results/publication-1c/base-v1/reproduction.json
=== fixed exited 0 2026-09-03T19:19:11+01:00 ===
=== analysis starting 2026-09-03T19:19:11+01:00 ===
execution: {"execution_backend": "numba", "jit_cache": "unknown", "llvmlite": "0.48.0", "numba": "0.66.0", "numpy": "2.4.6", "pandas": "3.0.5", "python": "3.13.14"}

[1/9] /tmp/breos-062-release.Zb9Wcm/.venv/bin/python /tmp/breos-062-release.Zb9Wcm/tools/preflight_article1_inputs.py --rlp-directory /tmp/breos-062-release.Zb9Wcm/dev/article1-inputs/rlp --historical-weather-file /tmp/breos-062-release.Zb9Wcm/dev/article1-inputs/weather/porto_historical_2005_2024_openmeteo.csv --output /tmp/breos-062-release.Zb9Wcm/results/publication-1c/input-manifest.json
Input preflight for the forthcoming publication passed; wrote /tmp/breos-062-release.Zb9Wcm/results/publication-1c/input-manifest.json

[2/9] /tmp/breos-062-release.Zb9Wcm/.venv/bin/python /tmp/breos-062-release.Zb9Wcm/tools/reproduce_article1_montecarlo.py --case all --rlp-directory /tmp/breos-062-release.Zb9Wcm/dev/article1-inputs/rlp --weather-file /tmp/breos-062-release.Zb9Wcm/dev/article1-inputs/weather/porto_historical_2005_2024_openmeteo.csv --validate-only
Validated the forthcoming publication's Monte Carlo configuration for: C1, C2, C3, C4, C5

[3/9] /tmp/breos-062-release.Zb9Wcm/.venv/bin/python /tmp/breos-062-release.Zb9Wcm/tools/reproduce_article1.py --execution-backend numba --rlp-directory /tmp/breos-062-release.Zb9Wcm/dev/article1-inputs/rlp --battery-cost 350 --battery-cost 500 --battery-cost 711 --skip-fixed --full-optimization --n-procs 10 --output /tmp/breos-062-release.Zb9Wcm/results/publication-1c/battery-cost-sensitivity
==========================================================================================
n_gen  |  n_eval  | n_nds  |     cv_min    |     cv_avg    |      eps      |   indicator  
==========================================================================================
     1 |      100 |      6 |  0.000000E+00 |  2.310707E+02 |             - |             -
     2 |      150 |     10 |  0.000000E+00 |  0.2890552400 |  0.0171892962 |         ideal
     3 |      200 |     14 |  0.000000E+00 |  0.000000E+00 |  0.0282761925 |             f
     4 |      250 |     19 |  0.000000E+00 |  0.000000E+00 |  0.0205125126 |             f
     5 |      300 |     18 |  0.000000E+00 |  0.000000E+00 |  0.0092094579 |         ideal
     6 |      350 |     14 |  0.000000E+00 |  0.000000E+00 |  0.0148734324 |         ideal
     7 |      400 |     16 |  0.000000E+00 |  0.000000E+00 |  0.0100444067 |             f
     8 |      450 |     22 |  0.000000E+00 |  0.000000E+00 |  0.0054846199 |         ideal
     9 |      500 |     26 |  0.000000E+00 |  0.000000E+00 |  0.0208281915 |         ideal
    10 |      550 |     31 |  0.000000E+00 |  0.000000E+00 |  0.0064752653 |             f
    11 |      600 |     35 |  0.000000E+00 |  0.000000E+00 |  0.0239121708 |         nadir
    12 |      650 |     40 |  0.000000E+00 |  0.000000E+00 |  0.0025449982 |             f
    13 |      700 |     38 |  0.000000E+00 |  0.000000E+00 |  0.0086452957 |             f
    14 |      750 |     41 |  0.000000E+00 |  0.000000E+00 |  0.0074460108 |         ideal
    15 |      800 |     42 |  0.000000E+00 |  0.000000E+00 |  0.0028755115 |             f
    16 |      850 |     44 |  0.000000E+00 |  0.000000E+00 |  0.0025266577 |             f
    17 |      900 |     44 |  0.000000E+00 |  0.000000E+00 |  0.0023174408 |             f
    18 |      950 |     46 |  0.000000E+00 |  0.000000E+00 |  0.0039969624 |             f
    19 |     1000 |     52 |  0.000000E+00 |  0.000000E+00 |  0.0013578842 |             f
    20 |     1050 |     52 |  0.000000E+00 |  0.000000E+00 |  0.0016266620 |             f
    21 |     1100 |     56 |  0.000000E+00 |  0.000000E+00 |  0.0018334478 |             f
    22 |     1150 |     65 |  0.000000E+00 |  0.000000E+00 |  0.0025112210 |             f
    23 |     1200 |     71 |  0.000000E+00 |  0.000000E+00 |  0.0003351043 |             f
    24 |     1250 |     76 |  0.000000E+00 |  0.000000E+00 |  0.0004598752 |             f
    25 |     1300 |     78 |  0.000000E+00 |  0.000000E+00 |  0.0005028786 |             f
    26 |     1350 |     81 |  0.000000E+00 |  0.000000E+00 |  0.0005190720 |             f
    27 |     1400 |     84 |  0.000000E+00 |  0.000000E+00 |  0.0006006007 |             f
    28 |     1450 |     84 |  0.000000E+00 |  0.000000E+00 |  0.0005913934 |             f
    29 |     1500 |     88 |  0.000000E+00 |  0.000000E+00 |  0.0007438018 |             f
    30 |     1550 |     91 |  0.000000E+00 |  0.000000E+00 |  0.0008973470 |             f
    31 |     1600 |     92 |  0.000000E+00 |  0.000000E+00 |  0.0009835589 |             f
    32 |     1650 |     95 |  0.000000E+00 |  0.000000E+00 |  0.0010605302 |             f
Wrote /tmp/breos-062-release.Zb9Wcm/results/publication-1c/battery-cost-sensitivity/battery-cost-350/pareto_results.csv
Wrote /tmp/breos-062-release.Zb9Wcm/results/publication-1c/battery-cost-sensitivity/battery-cost-350/pareto_representatives.csv
Wrote /tmp/breos-062-release.Zb9Wcm/results/publication-1c/battery-cost-sensitivity/battery-cost-350/reproduction.json
==========================================================================================
n_gen  |  n_eval  | n_nds  |     cv_min    |     cv_avg    |      eps      |   indicator  
==========================================================================================
     1 |      100 |      8 |  0.000000E+00 |  1.249751E+03 |             - |             -
     2 |      150 |      8 |  0.000000E+00 |  3.0046535200 |  0.0094057631 |         ideal
     3 |      200 |     12 |  0.000000E+00 |  0.000000E+00 |  0.0343149824 |             f
     4 |      250 |     16 |  0.000000E+00 |  0.000000E+00 |  0.0140200173 |             f
     5 |      300 |     21 |  0.000000E+00 |  0.000000E+00 |  0.0198647551 |             f
     6 |      350 |     30 |  0.000000E+00 |  0.000000E+00 |  0.0082005084 |         ideal
     7 |      400 |     31 |  0.000000E+00 |  0.000000E+00 |  0.0078825267 |             f
     8 |      450 |     35 |  0.000000E+00 |  0.000000E+00 |  0.0052376319 |         ideal
     9 |      500 |     40 |  0.000000E+00 |  0.000000E+00 |  0.0128420550 |         ideal
    10 |      550 |     45 |  0.000000E+00 |  0.000000E+00 |  0.0035821430 |         ideal
    11 |      600 |     47 |  0.000000E+00 |  0.000000E+00 |  0.0080593012 |         ideal
    12 |      650 |     55 |  0.000000E+00 |  0.000000E+00 |  0.0036973939 |             f
    13 |      700 |     62 |  0.000000E+00 |  0.000000E+00 |  0.0020693659 |             f
    14 |      750 |     68 |  0.000000E+00 |  0.000000E+00 |  0.0035625742 |             f
    15 |      800 |     73 |  0.000000E+00 |  0.000000E+00 |  0.0012950748 |             f
    16 |      850 |     78 |  0.000000E+00 |  0.000000E+00 |  0.0018536782 |             f
    17 |      900 |     81 |  0.000000E+00 |  0.000000E+00 |  0.0064832409 |         nadir
    18 |      950 |     90 |  0.000000E+00 |  0.000000E+00 |  0.0004089998 |             f
    19 |     1000 |     92 |  0.000000E+00 |  0.000000E+00 |  0.0005519029 |             f
    20 |     1050 |     97 |  0.000000E+00 |  0.000000E+00 |  0.0008031965 |             f
    21 |     1100 |    100 |  0.000000E+00 |  0.000000E+00 |  0.0010158003 |             f
    22 |     1150 |    100 |  0.000000E+00 |  0.000000E+00 |  0.0011918325 |             f
    23 |     1200 |    100 |  0.000000E+00 |  0.000000E+00 |  0.0015395010 |             f
    24 |     1250 |    100 |  0.000000E+00 |  0.000000E+00 |  0.0016238904 |             f
    25 |     1300 |    100 |  0.000000E+00 |  0.000000E+00 |  0.0017363300 |             f
    26 |     1350 |    100 |  0.000000E+00 |  0.000000E+00 |  0.0018649570 |             f
    27 |     1400 |    100 |  0.000000E+00 |  0.000000E+00 |  0.0019081405 |             f
Wrote /tmp/breos-062-release.Zb9Wcm/results/publication-1c/battery-cost-sensitivity/battery-cost-500/pareto_results.csv
Wrote /tmp/breos-062-release.Zb9Wcm/results/publication-1c/battery-cost-sensitivity/battery-cost-500/pareto_representatives.csv
Wrote /tmp/breos-062-release.Zb9Wcm/results/publication-1c/battery-cost-sensitivity/battery-cost-500/reproduction.json
==========================================================================================
n_gen  |  n_eval  | n_nds  |     cv_min    |     cv_avg    |      eps      |   indicator  
==========================================================================================
     1 |      100 |      6 |  0.000000E+00 |  3.637472E+03 |             - |             -
     2 |      150 |      7 |  0.000000E+00 |  4.112028E+02 |  0.0046171946 |         ideal
     3 |      200 |     12 |  0.000000E+00 |  0.2640796400 |  0.0301467868 |         ideal
     4 |      250 |     16 |  0.000000E+00 |  0.000000E+00 |  0.0457448846 |             f
     5 |      300 |     19 |  0.000000E+00 |  0.000000E+00 |  0.0179391256 |         ideal
     6 |      350 |     27 |  0.000000E+00 |  0.000000E+00 |  0.0157174369 |             f
     7 |      400 |     29 |  0.000000E+00 |  0.000000E+00 |  0.0027927571 |         ideal
     8 |      450 |     34 |  0.000000E+00 |  0.000000E+00 |  0.0073991554 |         ideal
     9 |      500 |     35 |  0.000000E+00 |  0.000000E+00 |  0.0047433689 |         ideal
    10 |      550 |     37 |  0.000000E+00 |  0.000000E+00 |  0.0037567010 |         ideal
    11 |      600 |     41 |  0.000000E+00 |  0.000000E+00 |  0.0026579599 |         ideal
    12 |      650 |     46 |  0.000000E+00 |  0.000000E+00 |  0.0016158092 |             f
    13 |      700 |     49 |  0.000000E+00 |  0.000000E+00 |  0.0041189933 |             f
    14 |      750 |     56 |  0.000000E+00 |  0.000000E+00 |  0.0014464935 |             f
    15 |      800 |     56 |  0.000000E+00 |  0.000000E+00 |  0.0031624541 |             f
    16 |      850 |     60 |  0.000000E+00 |  0.000000E+00 |  0.0006216187 |             f
    17 |      900 |     66 |  0.000000E+00 |  0.000000E+00 |  0.0023659556 |             f
    18 |      950 |     70 |  0.000000E+00 |  0.000000E+00 |  0.0034475208 |             f
    19 |     1000 |     72 |  0.000000E+00 |  0.000000E+00 |  0.0002231828 |             f
    20 |     1050 |     81 |  0.000000E+00 |  0.000000E+00 |  0.0007045692 |             f
    21 |     1100 |     81 |  0.000000E+00 |  0.000000E+00 |  0.0009192672 |             f
    22 |     1150 |     81 |  0.000000E+00 |  0.000000E+00 |  0.0011619771 |             f
    23 |     1200 |     85 |  0.000000E+00 |  0.000000E+00 |  0.0012022863 |             f
    24 |     1250 |     85 |  0.000000E+00 |  0.000000E+00 |  0.0013793626 |             f
    25 |     1300 |     88 |  0.000000E+00 |  0.000000E+00 |  0.0014650501 |             f
    26 |     1350 |     90 |  0.000000E+00 |  0.000000E+00 |  0.0036441243 |         nadir
    27 |     1400 |     91 |  0.000000E+00 |  0.000000E+00 |  0.0041991055 |         nadir
    28 |     1450 |    100 |  0.000000E+00 |  0.000000E+00 |  0.0002800433 |             f
    29 |     1500 |    100 |  0.000000E+00 |  0.000000E+00 |  0.0003247741 |             f
    30 |     1550 |    100 |  0.000000E+00 |  0.000000E+00 |  0.0004704618 |             f
    31 |     1600 |     99 |  0.000000E+00 |  0.000000E+00 |  0.0004895179 |             f
    32 |     1650 |    100 |  0.000000E+00 |  0.000000E+00 |  0.0005749449 |             f
    33 |     1700 |    100 |  0.000000E+00 |  0.000000E+00 |  0.0005804975 |             f
    34 |     1750 |    100 |  0.000000E+00 |  0.000000E+00 |  0.0005826382 |             f
    35 |     1800 |    100 |  0.000000E+00 |  0.000000E+00 |  0.0006336791 |             f
    36 |     1850 |    100 |  0.000000E+00 |  0.000000E+00 |  0.0007484832 |             f
    37 |     1900 |    100 |  0.000000E+00 |  0.000000E+00 |  0.0007904280 |             f
Wrote /tmp/breos-062-release.Zb9Wcm/results/publication-1c/battery-cost-sensitivity/battery-cost-711/pareto_results.csv
Wrote /tmp/breos-062-release.Zb9Wcm/results/publication-1c/battery-cost-sensitivity/battery-cost-711/pareto_representatives.csv
Wrote /tmp/breos-062-release.Zb9Wcm/results/publication-1c/battery-cost-sensitivity/battery-cost-711/reproduction.json

[4/9] /tmp/breos-062-release.Zb9Wcm/.venv/bin/python /tmp/breos-062-release.Zb9Wcm/tools/reproduce_article1.py --execution-backend numba --rlp-directory /tmp/breos-062-release.Zb9Wcm/dev/article1-inputs/rlp --resolution h --skip-fixed --full-optimization --n-procs 10 --output /tmp/breos-062-release.Zb9Wcm/results/publication-1c/hourly-v1
==========================================================================================
n_gen  |  n_eval  | n_nds  |     cv_min    |     cv_avg    |      eps      |   indicator  
==========================================================================================
     1 |      100 |      7 |  0.000000E+00 |  1.249751E+03 |             - |             -
     2 |      150 |     11 |  0.000000E+00 |  3.1771559600 |  0.0391171678 |             f
     3 |      200 |     13 |  0.000000E+00 |  0.000000E+00 |  0.0222984288 |         ideal
     4 |      250 |     17 |  0.000000E+00 |  0.000000E+00 |  0.0259585299 |             f
     5 |      300 |     19 |  0.000000E+00 |  0.000000E+00 |  0.0100309553 |             f
     6 |      350 |     23 |  0.000000E+00 |  0.000000E+00 |  0.0040759624 |         ideal
     7 |      400 |     28 |  0.000000E+00 |  0.000000E+00 |  0.0095495950 |         ideal
     8 |      450 |     30 |  0.000000E+00 |  0.000000E+00 |  0.0158581898 |         ideal
     9 |      500 |     32 |  0.000000E+00 |  0.000000E+00 |  0.0031473413 |             f
    10 |      550 |     38 |  0.000000E+00 |  0.000000E+00 |  0.0114115242 |         nadir
    11 |      600 |     43 |  0.000000E+00 |  0.000000E+00 |  0.0058252136 |         ideal
    12 |      650 |     50 |  0.000000E+00 |  0.000000E+00 |  0.0032905697 |             f
    13 |      700 |     56 |  0.000000E+00 |  0.000000E+00 |  0.0022725345 |             f
    14 |      750 |     64 |  0.000000E+00 |  0.000000E+00 |  0.0034061098 |             f
    15 |      800 |     66 |  0.000000E+00 |  0.000000E+00 |  0.0013323056 |             f
    16 |      850 |     74 |  0.000000E+00 |  0.000000E+00 |  0.0105285307 |         nadir
    17 |      900 |     80 |  0.000000E+00 |  0.000000E+00 |  0.0003090242 |             f
    18 |      950 |     82 |  0.000000E+00 |  0.000000E+00 |  0.0005361015 |             f
    19 |     1000 |     83 |  0.000000E+00 |  0.000000E+00 |  0.0008405390 |             f
    20 |     1050 |     88 |  0.000000E+00 |  0.000000E+00 |  0.0010458061 |             f
    21 |     1100 |     97 |  0.000000E+00 |  0.000000E+00 |  0.0101250245 |         nadir
    22 |     1150 |    100 |  0.000000E+00 |  0.000000E+00 |  0.0062869355 |         nadir
    23 |     1200 |    100 |  0.000000E+00 |  0.000000E+00 |  0.0000606859 |             f
    24 |     1250 |    100 |  0.000000E+00 |  0.000000E+00 |  0.0001826364 |             f
    25 |     1300 |    100 |  0.000000E+00 |  0.000000E+00 |  0.0005431262 |             f
    26 |     1350 |    100 |  0.000000E+00 |  0.000000E+00 |  0.0007019602 |             f
    27 |     1400 |    100 |  0.000000E+00 |  0.000000E+00 |  0.0008608657 |             f
    28 |     1450 |    100 |  0.000000E+00 |  0.000000E+00 |  0.0008839140 |             f
    29 |     1500 |    100 |  0.000000E+00 |  0.000000E+00 |  0.0011679308 |             f
    30 |     1550 |    100 |  0.000000E+00 |  0.000000E+00 |  0.0011861223 |             f
    31 |     1600 |    100 |  0.000000E+00 |  0.000000E+00 |  0.0012037992 |             f
    32 |     1650 |    100 |  0.000000E+00 |  0.000000E+00 |  0.0014858204 |             f
Wrote /tmp/breos-062-release.Zb9Wcm/results/publication-1c/hourly-v1/pareto_results.csv
Wrote /tmp/breos-062-release.Zb9Wcm/results/publication-1c/hourly-v1/pareto_representatives.csv
Wrote /tmp/breos-062-release.Zb9Wcm/results/publication-1c/hourly-v1/reproduction.json

[5/9] /tmp/breos-062-release.Zb9Wcm/.venv/bin/python /tmp/breos-062-release.Zb9Wcm/tools/reproduce_article1.py --execution-backend numba --rlp-directory /tmp/breos-062-release.Zb9Wcm/dev/article1-inputs/rlp --load-profile h0 --candidate C2 --output /tmp/breos-062-release.Zb9Wcm/results/publication-1c/load-profile-h0
Label  Modules  Battery_kWh  Tilt  Azimuth  Reference_Projected_GI_%  BREOS_Projected_GI_%  GI_Difference_pp  Reference_Projected_NPV_Eur  BREOS_Projected_NPV_Eur  NPV_Difference_Eur  Projected_Grid_Independence_%  Projected_Grid_Independence_Year1_%  Projected_Grid_Independence_FinalYear_%  Projected_Grid_Independence_Mean_%  Projected_Grid_Independence_Min_%  Projected_ZEB_Ratio  Projected_ZEB_Ratio_Year1  Projected_ZEB_Ratio_FinalYear  Projected_ZEB_Ratio_Mean  Projected_ZEB_Ratio_Min  Projected_NPV_Eur  Projected_Breakeven_Year  Projected_Breakeven_Year_Exact  Projected_Initial_Cost_Eur  Projected_Replacement_Cost_Eur  Projected_Total_Replacements  Projected_Final_SOH_%  Projected_PV_Production_Year1_kWh  Projected_PV_Production_FinalYear_kWh  Projected_PV_DC_Year1_kWh  Projected_PV_DC_FinalYear_kWh  Projected_PV_DC_Curtailed_Year1_kWh  Projected_Inverter_Loss_Year1_kWh  Projected_LCOE_Eur_kWh  Projected_CO2_Avoided_Total_kg  Projected_CO2_Avoided_SelfConsumed_kg
   C2        9          7.0  35.0    200.0                       NaN             74.075457               NaN                          NaN              3736.049522                 NaN                      74.075457                            78.528793                                70.370176                           74.075457                          70.370176             1.445868                    1.51187                       1.380701                  1.445868                 1.380701        3736.049522                      10.0                        9.763001                   8294.9668                          3500.0                             1              71.070888                        7559.349872                            6903.502694                8073.266842                    7339.861101                             9.195304                         380.652591                0.133359                    18494.097673                            9473.567181

Wrote /tmp/breos-062-release.Zb9Wcm/results/publication-1c/load-profile-h0/fixed_candidates.csv
Wrote /tmp/breos-062-release.Zb9Wcm/results/publication-1c/load-profile-h0/reproduction.json

[6/9] /tmp/breos-062-release.Zb9Wcm/.venv/bin/python /tmp/breos-062-release.Zb9Wcm/tools/reproduce_article1.py --execution-backend numba --rlp-directory /tmp/breos-062-release.Zb9Wcm/dev/article1-inputs/rlp --calendar-model naumann_lam_field_calibrated_v2 --candidate C2 --full-optimization --n-procs 10 --output /tmp/breos-062-release.Zb9Wcm/results/publication-1c/field-v2
Label  Modules  Battery_kWh  Tilt  Azimuth  Reference_Projected_GI_%  BREOS_Projected_GI_%  GI_Difference_pp  Reference_Projected_NPV_Eur  BREOS_Projected_NPV_Eur  NPV_Difference_Eur  Projected_Grid_Independence_%  Projected_Grid_Independence_Year1_%  Projected_Grid_Independence_FinalYear_%  Projected_Grid_Independence_Mean_%  Projected_Grid_Independence_Min_%  Projected_ZEB_Ratio  Projected_ZEB_Ratio_Year1  Projected_ZEB_Ratio_FinalYear  Projected_ZEB_Ratio_Mean  Projected_ZEB_Ratio_Min  Projected_NPV_Eur  Projected_Breakeven_Year  Projected_Breakeven_Year_Exact  Projected_Initial_Cost_Eur  Projected_Replacement_Cost_Eur  Projected_Total_Replacements  Projected_Final_SOH_%  Projected_PV_Production_Year1_kWh  Projected_PV_Production_FinalYear_kWh  Projected_PV_DC_Year1_kWh  Projected_PV_DC_FinalYear_kWh  Projected_PV_DC_Curtailed_Year1_kWh  Projected_Inverter_Loss_Year1_kWh  Projected_LCOE_Eur_kWh  Projected_CO2_Avoided_Total_kg  Projected_CO2_Avoided_SelfConsumed_kg
   C2        9          7.0  35.0    200.0                       NaN             71.602646               NaN                          NaN              3719.138254                 NaN                      71.602646                            76.255913                                 72.65035                           71.602646                          67.217986             1.445457                   1.511323                       1.374912                  1.445457                 1.374912        3719.138254                      10.0                        9.991291                   8294.9668                          3500.0                             1              88.024823                        7556.612897                             6874.55766                8073.266842                    7339.861101                             9.285476                         381.204017                0.129004                    18488.839372                            9157.257971

Wrote /tmp/breos-062-release.Zb9Wcm/results/publication-1c/field-v2/fixed_candidates.csv
==========================================================================================
n_gen  |  n_eval  | n_nds  |     cv_min    |     cv_avg    |      eps      |   indicator  
==========================================================================================
     1 |      100 |     10 |  0.000000E+00 |  1.249751E+03 |             - |             -
     2 |      150 |     12 |  0.000000E+00 |  3.0996584000 |  0.0387828657 |             f
     3 |      200 |     14 |  0.000000E+00 |  0.000000E+00 |  0.0097283867 |             f
     4 |      250 |     20 |  0.000000E+00 |  0.000000E+00 |  0.0077498042 |         ideal
     5 |      300 |     19 |  0.000000E+00 |  0.000000E+00 |  0.0218723721 |             f
     6 |      350 |     18 |  0.000000E+00 |  0.000000E+00 |  0.0072994641 |         ideal
     7 |      400 |     16 |  0.000000E+00 |  0.000000E+00 |  0.0279429402 |         ideal
     8 |      450 |     22 |  0.000000E+00 |  0.000000E+00 |  0.0112472372 |         ideal
     9 |      500 |     27 |  0.000000E+00 |  0.000000E+00 |  0.0079820115 |             f
    10 |      550 |     29 |  0.000000E+00 |  0.000000E+00 |  0.0085571275 |         ideal
    11 |      600 |     33 |  0.000000E+00 |  0.000000E+00 |  0.0037805148 |             f
    12 |      650 |     27 |  0.000000E+00 |  0.000000E+00 |  0.0037683293 |             f
    13 |      700 |     29 |  0.000000E+00 |  0.000000E+00 |  0.0042217847 |             f
    14 |      750 |     32 |  0.000000E+00 |  0.000000E+00 |  0.0037016910 |             f
    15 |      800 |     37 |  0.000000E+00 |  0.000000E+00 |  0.1058683055 |         nadir
    16 |      850 |     36 |  0.000000E+00 |  0.000000E+00 |  0.1138126292 |         nadir
    17 |      900 |     37 |  0.000000E+00 |  0.000000E+00 |  0.0019234146 |             f
    18 |      950 |     35 |  0.000000E+00 |  0.000000E+00 |  0.0029349765 |             f
    19 |     1000 |     38 |  0.000000E+00 |  0.000000E+00 |  0.0026601206 |         ideal
    20 |     1050 |     43 |  0.000000E+00 |  0.000000E+00 |  0.0002880943 |             f
    21 |     1100 |     45 |  0.000000E+00 |  0.000000E+00 |  0.1013305008 |         nadir
    22 |     1150 |     47 |  0.000000E+00 |  0.000000E+00 |  0.0005351014 |             f
    23 |     1200 |     44 |  0.000000E+00 |  0.000000E+00 |  0.0012775050 |             f
    24 |     1250 |     46 |  0.000000E+00 |  0.000000E+00 |  0.0023253358 |             f
    25 |     1300 |     46 |  0.000000E+00 |  0.000000E+00 |  0.0024477316 |             f
    26 |     1350 |     47 |  0.000000E+00 |  0.000000E+00 |  0.0024659629 |             f
    27 |     1400 |     53 |  0.000000E+00 |  0.000000E+00 |  0.0027258444 |             f
    28 |     1450 |     55 |  0.000000E+00 |  0.000000E+00 |  0.0001247103 |             f
    29 |     1500 |     54 |  0.000000E+00 |  0.000000E+00 |  0.0002232530 |             f
    30 |     1550 |     52 |  0.000000E+00 |  0.000000E+00 |  0.0025492851 |         nadir
    31 |     1600 |     53 |  0.000000E+00 |  0.000000E+00 |  0.0000181687 |             f
    32 |     1650 |     55 |  0.000000E+00 |  0.000000E+00 |  0.0008816926 |             f
    33 |     1700 |     56 |  0.000000E+00 |  0.000000E+00 |  0.0009272988 |             f
    34 |     1750 |     59 |  0.000000E+00 |  0.000000E+00 |  0.0009760074 |             f
    35 |     1800 |     60 |  0.000000E+00 |  0.000000E+00 |  0.0010425319 |             f
    36 |     1850 |     60 |  0.000000E+00 |  0.000000E+00 |  0.0010425319 |             f
    37 |     1900 |     61 |  0.000000E+00 |  0.000000E+00 |  0.0012205961 |             f
    38 |     1950 |     61 |  0.000000E+00 |  0.000000E+00 |  0.0012205961 |             f
    39 |     2000 |     62 |  0.000000E+00 |  0.000000E+00 |  0.0012309935 |             f
    40 |     2050 |     64 |  0.000000E+00 |  0.000000E+00 |  0.0018963977 |             f
Wrote /tmp/breos-062-release.Zb9Wcm/results/publication-1c/field-v2/pareto_results.csv
Wrote /tmp/breos-062-release.Zb9Wcm/results/publication-1c/field-v2/pareto_representatives.csv
Wrote /tmp/breos-062-release.Zb9Wcm/results/publication-1c/field-v2/reproduction.json

[7/9] /tmp/breos-062-release.Zb9Wcm/.venv/bin/python /tmp/breos-062-release.Zb9Wcm/tools/reproduce_article1.py --execution-backend numba --rlp-directory /tmp/breos-062-release.Zb9Wcm/dev/article1-inputs/rlp --calendar-model naumann_lam --candidate C2 --full-optimization --n-procs 10 --output /tmp/breos-062-release.Zb9Wcm/results/publication-1c/laboratory
Label  Modules  Battery_kWh  Tilt  Azimuth  Reference_Projected_GI_%  BREOS_Projected_GI_%  GI_Difference_pp  Reference_Projected_NPV_Eur  BREOS_Projected_NPV_Eur  NPV_Difference_Eur  Projected_Grid_Independence_%  Projected_Grid_Independence_Year1_%  Projected_Grid_Independence_FinalYear_%  Projected_Grid_Independence_Mean_%  Projected_Grid_Independence_Min_%  Projected_ZEB_Ratio  Projected_ZEB_Ratio_Year1  Projected_ZEB_Ratio_FinalYear  Projected_ZEB_Ratio_Mean  Projected_ZEB_Ratio_Min  Projected_NPV_Eur  Projected_Breakeven_Year  Projected_Breakeven_Year_Exact  Projected_Initial_Cost_Eur  Projected_Replacement_Cost_Eur  Projected_Total_Replacements  Projected_Final_SOH_%  Projected_PV_Production_Year1_kWh  Projected_PV_Production_FinalYear_kWh  Projected_PV_DC_Year1_kWh  Projected_PV_DC_FinalYear_kWh  Projected_PV_DC_Curtailed_Year1_kWh  Projected_Inverter_Loss_Year1_kWh  Projected_LCOE_Eur_kWh  Projected_CO2_Avoided_Total_kg  Projected_CO2_Avoided_SelfConsumed_kg
   C2        9          7.0  35.0    200.0                       NaN             73.112265               NaN                          NaN              6075.230735                 NaN                      73.112265                            76.615421                                 70.53095                           73.112265                           70.53095             1.443845                   1.510969                       1.377223                  1.443845                 1.377223        6075.230735                      10.0                        9.758191                   8294.9668                             0.0                             0              81.800341                        7554.843254                            6886.114282                8073.266842                    7339.861101                             9.283944                          381.69831                0.106041                    18468.215805                            9351.069845

Wrote /tmp/breos-062-release.Zb9Wcm/results/publication-1c/laboratory/fixed_candidates.csv
==========================================================================================
n_gen  |  n_eval  | n_nds  |     cv_min    |     cv_avg    |      eps      |   indicator  
==========================================================================================
     1 |      100 |      3 |  0.000000E+00 |  1.249751E+03 |             - |             -
     2 |      150 |      4 |  0.000000E+00 |  3.6929494400 |  0.0391950594 |             f
     3 |      200 |      7 |  0.000000E+00 |  0.000000E+00 |  0.0566889326 |         ideal
     4 |      250 |     11 |  0.000000E+00 |  0.000000E+00 |  0.0190620387 |         ideal
     5 |      300 |     12 |  0.000000E+00 |  0.000000E+00 |  0.0198736010 |         ideal
     6 |      350 |     12 |  0.000000E+00 |  0.000000E+00 |  0.0171116557 |         nadir
     7 |      400 |     17 |  0.000000E+00 |  0.000000E+00 |  0.0247094219 |         ideal
     8 |      450 |     19 |  0.000000E+00 |  0.000000E+00 |  0.0100718793 |             f
     9 |      500 |     20 |  0.000000E+00 |  0.000000E+00 |  0.0091397156 |         ideal
    10 |      550 |     21 |  0.000000E+00 |  0.000000E+00 |  0.0113702645 |             f
    11 |      600 |     24 |  0.000000E+00 |  0.000000E+00 |  0.0065340905 |         ideal
    12 |      650 |     25 |  0.000000E+00 |  0.000000E+00 |  0.0058745242 |             f
    13 |      700 |     28 |  0.000000E+00 |  0.000000E+00 |  0.0316754191 |         nadir
    14 |      750 |     33 |  0.000000E+00 |  0.000000E+00 |  0.2133566690 |         nadir
    15 |      800 |     32 |  0.000000E+00 |  0.000000E+00 |  0.0013933088 |             f
    16 |      850 |     32 |  0.000000E+00 |  0.000000E+00 |  0.0023038824 |             f
    17 |      900 |     32 |  0.000000E+00 |  0.000000E+00 |  0.0063532235 |             f
    18 |      950 |     31 |  0.000000E+00 |  0.000000E+00 |  0.0009045022 |             f
    19 |     1000 |     37 |  0.000000E+00 |  0.000000E+00 |  0.0038642228 |         ideal
    20 |     1050 |     40 |  0.000000E+00 |  0.000000E+00 |  0.0003861632 |             f
    21 |     1100 |     42 |  0.000000E+00 |  0.000000E+00 |  0.0202831797 |         ideal
    22 |     1150 |     43 |  0.000000E+00 |  0.000000E+00 |  0.0002554662 |             f
    23 |     1200 |     45 |  0.000000E+00 |  0.000000E+00 |  0.0006418103 |             f
    24 |     1250 |     48 |  0.000000E+00 |  0.000000E+00 |  0.0012464664 |             f
    25 |     1300 |     49 |  0.000000E+00 |  0.000000E+00 |  0.0014772446 |             f
    26 |     1350 |     53 |  0.000000E+00 |  0.000000E+00 |  0.0017444816 |             f
    27 |     1400 |     56 |  0.000000E+00 |  0.000000E+00 |  0.0206665197 |         nadir
    28 |     1450 |     58 |  0.000000E+00 |  0.000000E+00 |  0.0001287987 |             f
    29 |     1500 |     58 |  0.000000E+00 |  0.000000E+00 |  0.0001287987 |             f
    30 |     1550 |     58 |  0.000000E+00 |  0.000000E+00 |  0.0001849600 |             f
    31 |     1600 |     58 |  0.000000E+00 |  0.000000E+00 |  0.0001849600 |             f
    32 |     1650 |     58 |  0.000000E+00 |  0.000000E+00 |  0.0001790240 |             f
    33 |     1700 |     58 |  0.000000E+00 |  0.000000E+00 |  0.0001790240 |             f
    34 |     1750 |     58 |  0.000000E+00 |  0.000000E+00 |  0.0001790240 |             f
    35 |     1800 |     58 |  0.000000E+00 |  0.000000E+00 |  0.0001790240 |             f
    36 |     1850 |     58 |  0.000000E+00 |  0.000000E+00 |  0.0001790240 |             f
    37 |     1900 |     58 |  0.000000E+00 |  0.000000E+00 |  0.0001790240 |             f
Wrote /tmp/breos-062-release.Zb9Wcm/results/publication-1c/laboratory/pareto_results.csv
Wrote /tmp/breos-062-release.Zb9Wcm/results/publication-1c/laboratory/pareto_representatives.csv
Wrote /tmp/breos-062-release.Zb9Wcm/results/publication-1c/laboratory/reproduction.json

[8/9] /tmp/breos-062-release.Zb9Wcm/.venv/bin/python /tmp/breos-062-release.Zb9Wcm/tools/reproduce_article1_context.py --output /tmp/breos-062-release.Zb9Wcm/results/publication-1c/orientation orientation
Wrote /tmp/breos-062-release.Zb9Wcm/results/publication-1c/orientation/provenance.json

[9/9] /tmp/breos-062-release.Zb9Wcm/.venv/bin/python /tmp/breos-062-release.Zb9Wcm/tools/reproduce_article1_context.py --output /tmp/breos-062-release.Zb9Wcm/results/publication-1c/weather-comparison weather-comparison --historical-weather-file /tmp/breos-062-release.Zb9Wcm/dev/article1-inputs/weather/porto_historical_2005_2024_openmeteo.csv
Wrote /tmp/breos-062-release.Zb9Wcm/results/publication-1c/weather-comparison/provenance.json
=== analysis exited 0 2026-09-03T19:42:51+01:00 ===
=== monte-carlo starting 2026-09-03T19:42:51+01:00 ===
execution: {"execution_backend": "numba", "jit_cache": "unknown", "llvmlite": "0.48.0", "numba": "0.66.0", "numpy": "2.4.6", "pandas": "3.0.5", "python": "3.13.14"}

[1/4] /tmp/breos-062-release.Zb9Wcm/.venv/bin/python /tmp/breos-062-release.Zb9Wcm/tools/preflight_article1_inputs.py --rlp-directory /tmp/breos-062-release.Zb9Wcm/dev/article1-inputs/rlp --historical-weather-file /tmp/breos-062-release.Zb9Wcm/dev/article1-inputs/weather/porto_historical_2005_2024_openmeteo.csv --output /tmp/breos-062-release.Zb9Wcm/results/publication-1c/input-manifest.json
Input preflight for the forthcoming publication passed; wrote /tmp/breos-062-release.Zb9Wcm/results/publication-1c/input-manifest.json

[2/4] /tmp/breos-062-release.Zb9Wcm/.venv/bin/python /tmp/breos-062-release.Zb9Wcm/tools/reproduce_article1_montecarlo.py --case all --rlp-directory /tmp/breos-062-release.Zb9Wcm/dev/article1-inputs/rlp --weather-file /tmp/breos-062-release.Zb9Wcm/dev/article1-inputs/weather/porto_historical_2005_2024_openmeteo.csv --validate-only
Validated the forthcoming publication's Monte Carlo configuration for: C1, C2, C3, C4, C5

[3/4] /tmp/breos-062-release.Zb9Wcm/.venv/bin/python /tmp/breos-062-release.Zb9Wcm/tools/reproduce_article1_montecarlo.py --case C2 --execution-backend numba --rlp-directory /tmp/breos-062-release.Zb9Wcm/dev/article1-inputs/rlp --weather-file /tmp/breos-062-release.Zb9Wcm/dev/article1-inputs/weather/porto_historical_2005_2024_openmeteo.csv --n-procs 10 --output /tmp/breos-062-release.Zb9Wcm/results/publication-1c/monte-carlo-v1
C2: wrote /tmp/breos-062-release.Zb9Wcm/results/publication-1c/monte-carlo-v1/c2

[4/4] /tmp/breos-062-release.Zb9Wcm/.venv/bin/python /tmp/breos-062-release.Zb9Wcm/tools/reproduce_article1_montecarlo.py --case C1 --case C3 --case C4 --case C5 --execution-backend numba --rlp-directory /tmp/breos-062-release.Zb9Wcm/dev/article1-inputs/rlp --weather-file /tmp/breos-062-release.Zb9Wcm/dev/article1-inputs/weather/porto_historical_2005_2024_openmeteo.csv --n-procs 10 --output /tmp/breos-062-release.Zb9Wcm/results/publication-1c/monte-carlo-v1
C1: wrote /tmp/breos-062-release.Zb9Wcm/results/publication-1c/monte-carlo-v1/c1
C3: wrote /tmp/breos-062-release.Zb9Wcm/results/publication-1c/monte-carlo-v1/c3
C4: wrote /tmp/breos-062-release.Zb9Wcm/results/publication-1c/monte-carlo-v1/c4
C5: wrote /tmp/breos-062-release.Zb9Wcm/results/publication-1c/monte-carlo-v1/c5
=== monte-carlo exited 0 2026-09-03T20:08:07+01:00 ===
=== verify starting 2026-09-03T20:08:07+01:00 ===
execution: {"execution_backend": "python", "numpy": "2.4.6", "pandas": "3.0.5", "python": "3.13.14"}

[1/1] /tmp/breos-062-release.Zb9Wcm/.venv/bin/python /tmp/breos-062-release.Zb9Wcm/tools/verify_article1_bundle.py /tmp/breos-062-release.Zb9Wcm/results/publication-1c
Forthcoming publication bundle verification passed: /tmp/breos-062-release.Zb9Wcm/results/publication-1c
Verified 15 provenance reports from one BREOS commit.
=== verify exited 0 2026-09-03T20:08:08+01:00 ===
=== cross field-v2 starting 2026-09-03T20:08:08+01:00 ===
==========================================================================================
n_gen  |  n_eval  | n_nds  |     cv_min    |     cv_avg    |      eps      |   indicator  
==========================================================================================
     1 |      100 |      5 |  0.000000E+00 |  2.310707E+02 |             - |             -
     2 |      150 |      7 |  0.000000E+00 |  0.2632227200 |  0.0188172831 |         ideal
     3 |      200 |     12 |  0.000000E+00 |  0.000000E+00 |  0.0131364668 |         ideal
     4 |      250 |     11 |  0.000000E+00 |  0.000000E+00 |  0.0377247937 |         ideal
     5 |      300 |     14 |  0.000000E+00 |  0.000000E+00 |  0.0218550753 |             f
     6 |      350 |     19 |  0.000000E+00 |  0.000000E+00 |  0.0580718770 |         ideal
     7 |      400 |     22 |  0.000000E+00 |  0.000000E+00 |  0.0172170710 |         ideal
     8 |      450 |     24 |  0.000000E+00 |  0.000000E+00 |  0.0143638097 |         ideal
     9 |      500 |     27 |  0.000000E+00 |  0.000000E+00 |  0.0088335027 |             f
    10 |      550 |     24 |  0.000000E+00 |  0.000000E+00 |  0.0376559371 |         ideal
    11 |      600 |     26 |  0.000000E+00 |  0.000000E+00 |  0.0093639919 |         ideal
    12 |      650 |     27 |  0.000000E+00 |  0.000000E+00 |  0.0453543353 |         nadir
    13 |      700 |     28 |  0.000000E+00 |  0.000000E+00 |  0.0236474862 |         ideal
    14 |      750 |     32 |  0.000000E+00 |  0.000000E+00 |  0.0069326529 |             f
    15 |      800 |     35 |  0.000000E+00 |  0.000000E+00 |  0.0050498532 |             f
    16 |      850 |     36 |  0.000000E+00 |  0.000000E+00 |  0.0013775573 |             f
    17 |      900 |     33 |  0.000000E+00 |  0.000000E+00 |  0.0029364214 |             f
    18 |      950 |     33 |  0.000000E+00 |  0.000000E+00 |  0.0024492951 |             f
    19 |     1000 |     39 |  0.000000E+00 |  0.000000E+00 |  0.0062285644 |             f
    20 |     1050 |     43 |  0.000000E+00 |  0.000000E+00 |  0.0106476882 |         ideal
    21 |     1100 |     46 |  0.000000E+00 |  0.000000E+00 |  0.0038607182 |         ideal
    22 |     1150 |     49 |  0.000000E+00 |  0.000000E+00 |  0.0079545194 |         ideal
    23 |     1200 |     47 |  0.000000E+00 |  0.000000E+00 |  0.0024064122 |             f
    24 |     1250 |     51 |  0.000000E+00 |  0.000000E+00 |  0.0043976684 |             f
    25 |     1300 |     53 |  0.000000E+00 |  0.000000E+00 |  0.0005729068 |             f
    26 |     1350 |     56 |  0.000000E+00 |  0.000000E+00 |  0.0010480323 |             f
    27 |     1400 |     55 |  0.000000E+00 |  0.000000E+00 |  0.0018653668 |             f
    28 |     1450 |     57 |  0.000000E+00 |  0.000000E+00 |  0.0019231636 |             f
    29 |     1500 |     59 |  0.000000E+00 |  0.000000E+00 |  0.0024635420 |             f
    30 |     1550 |     61 |  0.000000E+00 |  0.000000E+00 |  0.0035190918 |             f
    31 |     1600 |     66 |  0.000000E+00 |  0.000000E+00 |  0.0011037961 |             f
    32 |     1650 |     70 |  0.000000E+00 |  0.000000E+00 |  0.0013423950 |             f
    33 |     1700 |     72 |  0.000000E+00 |  0.000000E+00 |  0.0940828953 |         nadir
    34 |     1750 |     75 |  0.000000E+00 |  0.000000E+00 |  0.0000969039 |             f
    35 |     1800 |     77 |  0.000000E+00 |  0.000000E+00 |  0.0002152933 |             f
    36 |     1850 |     75 |  0.000000E+00 |  0.000000E+00 |  0.0005195613 |             f
    37 |     1900 |     78 |  0.000000E+00 |  0.000000E+00 |  0.0010967728 |             f
    38 |     1950 |     80 |  0.000000E+00 |  0.000000E+00 |  0.0011986182 |             f
    39 |     2000 |     82 |  0.000000E+00 |  0.000000E+00 |  0.0012680091 |             f
    40 |     2050 |     84 |  0.000000E+00 |  0.000000E+00 |  0.0013813257 |             f
Wrote /tmp/breos-062-release.Zb9Wcm/results/cost-degradation-cross/field-v2/battery-cost-350/pareto_results.csv
Wrote /tmp/breos-062-release.Zb9Wcm/results/cost-degradation-cross/field-v2/battery-cost-350/pareto_representatives.csv
Wrote /tmp/breos-062-release.Zb9Wcm/results/cost-degradation-cross/field-v2/battery-cost-350/reproduction.json
==========================================================================================
n_gen  |  n_eval  | n_nds  |     cv_min    |     cv_avg    |      eps      |   indicator  
==========================================================================================
     1 |      100 |      8 |  0.000000E+00 |  3.637472E+03 |             - |             -
     2 |      150 |     11 |  0.000000E+00 |  3.837439E+02 |  0.0062534785 |         ideal
     3 |      200 |     16 |  0.000000E+00 |  0.8298243200 |  0.0063297619 |         nadir
     4 |      250 |     20 |  0.000000E+00 |  0.000000E+00 |  0.0150493376 |             f
     5 |      300 |     21 |  0.000000E+00 |  0.000000E+00 |  0.0068301149 |         ideal
     6 |      350 |     23 |  0.000000E+00 |  0.000000E+00 |  0.0284141567 |         ideal
     7 |      400 |     21 |  0.000000E+00 |  0.000000E+00 |  0.0301705482 |             f
     8 |      450 |     20 |  0.000000E+00 |  0.000000E+00 |  0.0033861437 |         ideal
     9 |      500 |     22 |  0.000000E+00 |  0.000000E+00 |  0.0047819836 |             f
    10 |      550 |     23 |  0.000000E+00 |  0.000000E+00 |  0.0013656593 |             f
    11 |      600 |     23 |  0.000000E+00 |  0.000000E+00 |  0.0040029327 |         ideal
    12 |      650 |     24 |  0.000000E+00 |  0.000000E+00 |  0.0084215549 |             f
    13 |      700 |     24 |  0.000000E+00 |  0.000000E+00 |  0.0073525447 |             f
    14 |      750 |     24 |  0.000000E+00 |  0.000000E+00 |  0.0027985138 |             f
    15 |      800 |     28 |  0.000000E+00 |  0.000000E+00 |  0.0030653520 |         ideal
    16 |      850 |     32 |  0.000000E+00 |  0.000000E+00 |  0.0048603858 |             f
    17 |      900 |     35 |  0.000000E+00 |  0.000000E+00 |  0.0002771600 |             f
    18 |      950 |     33 |  0.000000E+00 |  0.000000E+00 |  0.0012998243 |             f
    19 |     1000 |     37 |  0.000000E+00 |  0.000000E+00 |  0.0016327869 |             f
    20 |     1050 |     40 |  0.000000E+00 |  0.000000E+00 |  0.0030585166 |             f
    21 |     1100 |     41 |  0.000000E+00 |  0.000000E+00 |  0.0001500735 |             f
    22 |     1150 |     43 |  0.000000E+00 |  0.000000E+00 |  0.0013172672 |             f
    23 |     1200 |     46 |  0.000000E+00 |  0.000000E+00 |  0.0239645391 |         ideal
    24 |     1250 |     49 |  0.000000E+00 |  0.000000E+00 |  0.0008859877 |             f
    25 |     1300 |     51 |  0.000000E+00 |  0.000000E+00 |  0.0008844031 |             f
    26 |     1350 |     52 |  0.000000E+00 |  0.000000E+00 |  0.0014968876 |             f
    27 |     1400 |     50 |  0.000000E+00 |  0.000000E+00 |  0.0016027337 |             f
    28 |     1450 |     53 |  0.000000E+00 |  0.000000E+00 |  0.0017061702 |             f
    29 |     1500 |     54 |  0.000000E+00 |  0.000000E+00 |  0.0019889479 |             f
    30 |     1550 |     55 |  0.000000E+00 |  0.000000E+00 |  0.0021962511 |             f
    31 |     1600 |     54 |  0.000000E+00 |  0.000000E+00 |  0.0016118142 |             f
    32 |     1650 |     56 |  0.000000E+00 |  0.000000E+00 |  0.0022270424 |             f
    33 |     1700 |     57 |  0.000000E+00 |  0.000000E+00 |  0.0022282471 |             f
Wrote /tmp/breos-062-release.Zb9Wcm/results/cost-degradation-cross/field-v2/battery-cost-711/pareto_results.csv
Wrote /tmp/breos-062-release.Zb9Wcm/results/cost-degradation-cross/field-v2/battery-cost-711/pareto_representatives.csv
Wrote /tmp/breos-062-release.Zb9Wcm/results/cost-degradation-cross/field-v2/battery-cost-711/reproduction.json
=== cross field-v2 exited 0 2026-09-03T20:16:09+01:00 ===
=== cross laboratory starting 2026-09-03T20:16:09+01:00 ===
==========================================================================================
n_gen  |  n_eval  | n_nds  |     cv_min    |     cv_avg    |      eps      |   indicator  
==========================================================================================
     1 |      100 |      3 |  0.000000E+00 |  2.310707E+02 |             - |             -
     2 |      150 |      4 |  0.000000E+00 |  0.2207398000 |  0.0145450847 |         ideal
     3 |      200 |      6 |  0.000000E+00 |  0.000000E+00 |  0.0583225156 |         ideal
     4 |      250 |      8 |  0.000000E+00 |  0.000000E+00 |  0.0667937048 |         ideal
     5 |      300 |      9 |  0.000000E+00 |  0.000000E+00 |  0.0381753210 |         ideal
     6 |      350 |     11 |  0.000000E+00 |  0.000000E+00 |  0.0576887739 |         ideal
     7 |      400 |     18 |  0.000000E+00 |  0.000000E+00 |  0.0847184147 |         ideal
     8 |      450 |     20 |  0.000000E+00 |  0.000000E+00 |  0.0132457584 |         ideal
     9 |      500 |     20 |  0.000000E+00 |  0.000000E+00 |  0.0161450195 |             f
    10 |      550 |     21 |  0.000000E+00 |  0.000000E+00 |  0.0416671940 |         ideal
    11 |      600 |     30 |  0.000000E+00 |  0.000000E+00 |  0.0033166986 |         ideal
    12 |      650 |     32 |  0.000000E+00 |  0.000000E+00 |  0.0031032196 |             f
    13 |      700 |     33 |  0.000000E+00 |  0.000000E+00 |  0.1990781216 |         nadir
    14 |      750 |     39 |  0.000000E+00 |  0.000000E+00 |  0.0028068486 |             f
    15 |      800 |     44 |  0.000000E+00 |  0.000000E+00 |  0.0057297683 |         ideal
    16 |      850 |     45 |  0.000000E+00 |  0.000000E+00 |  0.0032532531 |         nadir
    17 |      900 |     46 |  0.000000E+00 |  0.000000E+00 |  0.0008453955 |             f
    18 |      950 |     50 |  0.000000E+00 |  0.000000E+00 |  0.0021461490 |             f
    19 |     1000 |     49 |  0.000000E+00 |  0.000000E+00 |  0.0031650173 |         ideal
    20 |     1050 |     57 |  0.000000E+00 |  0.000000E+00 |  0.0013921103 |             f
    21 |     1100 |     63 |  0.000000E+00 |  0.000000E+00 |  0.0019321117 |             f
    22 |     1150 |     64 |  0.000000E+00 |  0.000000E+00 |  0.0025450462 |         ideal
    23 |     1200 |     67 |  0.000000E+00 |  0.000000E+00 |  0.0027478930 |         nadir
    24 |     1250 |     75 |  0.000000E+00 |  0.000000E+00 |  0.0007027817 |             f
    25 |     1300 |     73 |  0.000000E+00 |  0.000000E+00 |  0.0010937343 |             f
    26 |     1350 |     78 |  0.000000E+00 |  0.000000E+00 |  0.0014955158 |             f
    27 |     1400 |     80 |  0.000000E+00 |  0.000000E+00 |  0.0015859161 |             f
    28 |     1450 |     83 |  0.000000E+00 |  0.000000E+00 |  0.0020354792 |             f
    29 |     1500 |     85 |  0.000000E+00 |  0.000000E+00 |  0.0022495018 |             f
    30 |     1550 |     88 |  0.000000E+00 |  0.000000E+00 |  0.0023883495 |             f
    31 |     1600 |     91 |  0.000000E+00 |  0.000000E+00 |  0.0025042502 |             f
    32 |     1650 |     92 |  0.000000E+00 |  0.000000E+00 |  0.0001189527 |             f
    33 |     1700 |     95 |  0.000000E+00 |  0.000000E+00 |  0.0001889414 |             f
    34 |     1750 |     96 |  0.000000E+00 |  0.000000E+00 |  0.0002134246 |             f
    35 |     1800 |     98 |  0.000000E+00 |  0.000000E+00 |  0.0002653377 |             f
    36 |     1850 |     99 |  0.000000E+00 |  0.000000E+00 |  0.0002936924 |             f
    37 |     1900 |    100 |  0.000000E+00 |  0.000000E+00 |  0.0003155889 |             f
    38 |     1950 |    100 |  0.000000E+00 |  0.000000E+00 |  0.0003155889 |             f
    39 |     2000 |    100 |  0.000000E+00 |  0.000000E+00 |  0.0003155889 |             f
    40 |     2050 |    100 |  0.000000E+00 |  0.000000E+00 |  0.0003155889 |             f
Wrote /tmp/breos-062-release.Zb9Wcm/results/cost-degradation-cross/laboratory/battery-cost-350/pareto_results.csv
Wrote /tmp/breos-062-release.Zb9Wcm/results/cost-degradation-cross/laboratory/battery-cost-350/pareto_representatives.csv
Wrote /tmp/breos-062-release.Zb9Wcm/results/cost-degradation-cross/laboratory/battery-cost-350/reproduction.json
==========================================================================================
n_gen  |  n_eval  | n_nds  |     cv_min    |     cv_avg    |      eps      |   indicator  
==========================================================================================
     1 |      100 |      6 |  0.000000E+00 |  3.637472E+03 |             - |             -
     2 |      150 |      8 |  0.000000E+00 |  3.851346E+02 |  0.0148346899 |         ideal
     3 |      200 |     11 |  0.000000E+00 |  0.3407202800 |  0.0042929333 |         ideal
     4 |      250 |     16 |  0.000000E+00 |  0.000000E+00 |  0.0247599941 |             f
     5 |      300 |     17 |  0.000000E+00 |  0.000000E+00 |  0.0267921654 |         ideal
     6 |      350 |     16 |  0.000000E+00 |  0.000000E+00 |  0.0233927483 |         ideal
     7 |      400 |     19 |  0.000000E+00 |  0.000000E+00 |  0.0095541354 |         ideal
     8 |      450 |     22 |  0.000000E+00 |  0.000000E+00 |  0.0129027013 |             f
     9 |      500 |     28 |  0.000000E+00 |  0.000000E+00 |  0.0096818422 |             f
    10 |      550 |     31 |  0.000000E+00 |  0.000000E+00 |  0.0057527858 |             f
    11 |      600 |     32 |  0.000000E+00 |  0.000000E+00 |  0.0074849026 |             f
    12 |      650 |     35 |  0.000000E+00 |  0.000000E+00 |  0.0118840620 |         ideal
    13 |      700 |     37 |  0.000000E+00 |  0.000000E+00 |  0.0033491201 |             f
    14 |      750 |     39 |  0.000000E+00 |  0.000000E+00 |  0.0039941335 |             f
    15 |      800 |     37 |  0.000000E+00 |  0.000000E+00 |  0.0084748737 |         ideal
    16 |      850 |     42 |  0.000000E+00 |  0.000000E+00 |  0.0018496432 |             f
    17 |      900 |     44 |  0.000000E+00 |  0.000000E+00 |  0.0037493700 |             f
    18 |      950 |     46 |  0.000000E+00 |  0.000000E+00 |  0.0007669715 |             f
    19 |     1000 |     47 |  0.000000E+00 |  0.000000E+00 |  0.0011476977 |             f
    20 |     1050 |     49 |  0.000000E+00 |  0.000000E+00 |  0.0013896512 |             f
    21 |     1100 |     49 |  0.000000E+00 |  0.000000E+00 |  0.0015567353 |             f
    22 |     1150 |     50 |  0.000000E+00 |  0.000000E+00 |  0.0017435280 |             f
    23 |     1200 |     51 |  0.000000E+00 |  0.000000E+00 |  0.0023954758 |             f
    24 |     1250 |     56 |  0.000000E+00 |  0.000000E+00 |  0.0024881432 |             f
    25 |     1300 |     57 |  0.000000E+00 |  0.000000E+00 |  0.0036936308 |         ideal
    26 |     1350 |     57 |  0.000000E+00 |  0.000000E+00 |  0.0002743182 |             f
    27 |     1400 |     59 |  0.000000E+00 |  0.000000E+00 |  0.0005588388 |             f
    28 |     1450 |     58 |  0.000000E+00 |  0.000000E+00 |  0.0011107825 |             f
    29 |     1500 |     59 |  0.000000E+00 |  0.000000E+00 |  0.0013907608 |             f
    30 |     1550 |     60 |  0.000000E+00 |  0.000000E+00 |  0.0014265684 |             f
    31 |     1600 |     61 |  0.000000E+00 |  0.000000E+00 |  0.0014098854 |             f
    32 |     1650 |     62 |  0.000000E+00 |  0.000000E+00 |  0.0013360531 |             f
    33 |     1700 |     63 |  0.000000E+00 |  0.000000E+00 |  0.0013535147 |             f
    34 |     1750 |     66 |  0.000000E+00 |  0.000000E+00 |  0.0016445930 |             f
    35 |     1800 |     67 |  0.000000E+00 |  0.000000E+00 |  0.0019663171 |             f
Wrote /tmp/breos-062-release.Zb9Wcm/results/cost-degradation-cross/laboratory/battery-cost-711/pareto_results.csv
Wrote /tmp/breos-062-release.Zb9Wcm/results/cost-degradation-cross/laboratory/battery-cost-711/pareto_representatives.csv
Wrote /tmp/breos-062-release.Zb9Wcm/results/cost-degradation-cross/laboratory/battery-cost-711/reproduction.json
=== cross laboratory exited 0 2026-09-03T20:24:39+01:00 ===
=== rerun complete 2026-09-03T20:24:39+01:00 ===
