=== fixed starting 2026-09-03T17:54:20+01:00 ===
execution: {"execution_backend": "numba", "jit_cache": "unknown", "llvmlite": "0.48.0", "numba": "0.66.0", "numpy": "2.4.6", "pandas": "3.0.5", "python": "3.13.14"}

[1/3] /tmp/breos-062-release.Zb9Wcm/.venv/bin/python /tmp/breos-062-release.Zb9Wcm/tools/preflight_article1_inputs.py --rlp-directory /tmp/breos-062-release.Zb9Wcm/dev/article1-inputs/rlp --historical-weather-file /tmp/breos-062-release.Zb9Wcm/dev/article1-inputs/weather/porto_historical_2005_2024_openmeteo.csv --output /tmp/breos-062-release.Zb9Wcm/results/upcoming-publication-trial/input-manifest.json
Input preflight for the forthcoming publication passed; wrote /tmp/breos-062-release.Zb9Wcm/results/upcoming-publication-trial/input-manifest.json

[2/3] /tmp/breos-062-release.Zb9Wcm/.venv/bin/python /tmp/breos-062-release.Zb9Wcm/tools/reproduce_article1_montecarlo.py --case all --rlp-directory /tmp/breos-062-release.Zb9Wcm/dev/article1-inputs/rlp --weather-file /tmp/breos-062-release.Zb9Wcm/dev/article1-inputs/weather/porto_historical_2005_2024_openmeteo.csv --validate-only
Validated the forthcoming publication's Monte Carlo configuration for: C1, C2, C3, C4, C5

[3/3] /tmp/breos-062-release.Zb9Wcm/.venv/bin/python /tmp/breos-062-release.Zb9Wcm/tools/reproduce_article1.py --rlp-directory /tmp/breos-062-release.Zb9Wcm/dev/article1-inputs/rlp --execution-backend numba --output /tmp/breos-062-release.Zb9Wcm/results/upcoming-publication-trial/base-v1
Label  Modules  Battery_kWh  Tilt  Azimuth  Reference_Projected_GI_%  BREOS_Projected_GI_%  GI_Difference_pp  Reference_Projected_NPV_Eur  BREOS_Projected_NPV_Eur  NPV_Difference_Eur  Projected_Grid_Independence_%  Projected_Grid_Independence_Year1_%  Projected_Grid_Independence_FinalYear_%  Projected_Grid_Independence_Mean_%  Projected_Grid_Independence_Min_%  Projected_ZEB_Ratio  Projected_ZEB_Ratio_Year1  Projected_ZEB_Ratio_FinalYear  Projected_ZEB_Ratio_Mean  Projected_ZEB_Ratio_Min  Projected_NPV_Eur  Projected_Breakeven_Year  Projected_Breakeven_Year_Exact  Projected_Initial_Cost_Eur  Projected_Replacement_Cost_Eur  Projected_Total_Replacements  Projected_Final_SOH_%  Projected_PV_Production_Year1_kWh  Projected_PV_Production_FinalYear_kWh  Projected_PV_DC_Year1_kWh  Projected_PV_DC_FinalYear_kWh  Projected_PV_DC_Curtailed_Year1_kWh  Projected_Inverter_Loss_Year1_kWh  Projected_LCOE_Eur_kWh  Projected_CO2_Avoided_Total_kg  Projected_CO2_Avoided_SelfConsumed_kg
   C1        6          0.0  30.0    190.0                 41.056152             40.593026         -0.463126                  5424.426764              5431.630033            7.203269                      40.593026                            40.967703                                40.210578                           40.593026                          40.210578             0.976166                   1.022601                       0.930555                  0.976166                 0.930555        5431.630033                       6.0                        5.407538                   2820.1968                             0.0                             0             100.000000                        5113.005541                            4652.777022                5343.064091                    4857.680175                             7.664817                         222.393734                0.060352                    12486.135885                            5192.253932
   C2        9          5.0  25.0    185.0                 64.768329             63.819200         -0.949130                  3779.254400              3695.285279          -83.969121                      63.819200                            67.459961                                60.922972                           63.819200                          60.922972             1.421966                   1.487480                       1.357081                  1.421966                 1.357081        3695.285279                      10.0                        9.731781                   7294.9668                          2500.0                             1              70.853311                        7437.402473                            6785.407248                7896.294169                    7178.965287                             7.994547                         356.000558                0.116418                    18188.369636                            8162.093772
   C3        9          9.0  35.0    190.0                 78.683166             77.934798         -0.748368                  2642.017105              2641.673049           -0.344055                      77.934798                            82.518095                                73.625452                           77.934798                          73.625452             1.438029                   1.504498                       1.372780                  1.438029                 1.372780        2641.673049                      16.0                       15.321192                   9294.9668                          4500.0                             1              70.884177                        7522.488753                            6863.898650                8065.289882                    7332.608798                             8.396528                         386.321190                0.153042                    18393.833264                            9966.791131
   C4        9         20.0  45.0    175.0                 89.390357             89.753753          0.363396                 -5094.037452             -4969.194495          124.842957                      89.753753                            91.483336                                88.357039                           89.753753                          88.357039             1.393095                   1.461012                       1.326535                  1.393095                 1.326535       -4969.194495                       NaN                             NaN                  14794.9668                         10000.0                             1              73.038227                        7305.061931                            6632.675387                7884.379104                    7168.132631                             5.011728                         391.463709                0.265572                    17819.074213                           11476.307662
   C5        4          0.0  35.0    180.0                       NaN             36.856680               NaN                          NaN              5231.641773                 NaN                      36.856680                            37.297786                                36.407541                           36.856680                          36.407541             0.649741                   0.680634                       0.619414                  0.649741                 0.619414        5231.641773                       5.0                        4.135452                   1880.1312                             0.0                             0             100.000000                        3403.172457                            3097.068827                3557.093989                    3233.954273                             5.607095                         148.314437                0.060448                     8310.832153                            4714.337905

Wrote /tmp/breos-062-release.Zb9Wcm/results/upcoming-publication-trial/base-v1/fixed_candidates.csv
Wrote /tmp/breos-062-release.Zb9Wcm/results/upcoming-publication-trial/base-v1/reproduction.json
=== fixed exited 0 2026-09-03T17:54:24+01:00 ===
=== analysis starting 2026-09-03T17:54:24+01:00 ===
execution: {"execution_backend": "numba", "jit_cache": "unknown", "llvmlite": "0.48.0", "numba": "0.66.0", "numpy": "2.4.6", "pandas": "3.0.5", "python": "3.13.14"}

[1/9] /tmp/breos-062-release.Zb9Wcm/.venv/bin/python /tmp/breos-062-release.Zb9Wcm/tools/preflight_article1_inputs.py --rlp-directory /tmp/breos-062-release.Zb9Wcm/dev/article1-inputs/rlp --historical-weather-file /tmp/breos-062-release.Zb9Wcm/dev/article1-inputs/weather/porto_historical_2005_2024_openmeteo.csv --output /tmp/breos-062-release.Zb9Wcm/results/upcoming-publication-trial/input-manifest.json
Input preflight for the forthcoming publication passed; wrote /tmp/breos-062-release.Zb9Wcm/results/upcoming-publication-trial/input-manifest.json

[2/9] /tmp/breos-062-release.Zb9Wcm/.venv/bin/python /tmp/breos-062-release.Zb9Wcm/tools/reproduce_article1_montecarlo.py --case all --rlp-directory /tmp/breos-062-release.Zb9Wcm/dev/article1-inputs/rlp --weather-file /tmp/breos-062-release.Zb9Wcm/dev/article1-inputs/weather/porto_historical_2005_2024_openmeteo.csv --validate-only
Validated the forthcoming publication's Monte Carlo configuration for: C1, C2, C3, C4, C5

[3/9] /tmp/breos-062-release.Zb9Wcm/.venv/bin/python /tmp/breos-062-release.Zb9Wcm/tools/reproduce_article1.py --execution-backend numba --rlp-directory /tmp/breos-062-release.Zb9Wcm/dev/article1-inputs/rlp --battery-cost 350 --battery-cost 500 --battery-cost 711 --skip-fixed --full-optimization --n-procs 10 --output /tmp/breos-062-release.Zb9Wcm/results/upcoming-publication-trial/battery-cost-sensitivity
==========================================================================================
n_gen  |  n_eval  | n_nds  |     cv_min    |     cv_avg    |      eps      |   indicator  
==========================================================================================
     1 |      100 |      6 |  0.000000E+00 |  2.310707E+02 |             - |             -
     2 |      150 |     10 |  0.000000E+00 |  0.2890552400 |  0.0171889338 |         ideal
     3 |      200 |     14 |  0.000000E+00 |  0.000000E+00 |  0.0282761971 |             f
     4 |      250 |     19 |  0.000000E+00 |  0.000000E+00 |  0.0205135047 |             f
     5 |      300 |     18 |  0.000000E+00 |  0.000000E+00 |  0.0092046422 |         ideal
     6 |      350 |     14 |  0.000000E+00 |  0.000000E+00 |  0.0148603613 |         ideal
     7 |      400 |     16 |  0.000000E+00 |  0.000000E+00 |  0.0100486741 |             f
     8 |      450 |     22 |  0.000000E+00 |  0.000000E+00 |  0.0054882643 |         ideal
     9 |      500 |     26 |  0.000000E+00 |  0.000000E+00 |  0.0208334405 |         ideal
    10 |      550 |     31 |  0.000000E+00 |  0.000000E+00 |  0.0064748787 |             f
    11 |      600 |     35 |  0.000000E+00 |  0.000000E+00 |  0.0239123915 |         nadir
    12 |      650 |     40 |  0.000000E+00 |  0.000000E+00 |  0.0025462378 |             f
    13 |      700 |     38 |  0.000000E+00 |  0.000000E+00 |  0.0086440913 |             f
    14 |      750 |     41 |  0.000000E+00 |  0.000000E+00 |  0.0074295234 |         ideal
    15 |      800 |     42 |  0.000000E+00 |  0.000000E+00 |  0.0028757254 |             f
    16 |      850 |     44 |  0.000000E+00 |  0.000000E+00 |  0.0025262075 |             f
    17 |      900 |     43 |  0.000000E+00 |  0.000000E+00 |  0.0003285545 |             f
    18 |      950 |     49 |  0.000000E+00 |  0.000000E+00 |  0.0195678871 |         nadir
    19 |     1000 |     52 |  0.000000E+00 |  0.000000E+00 |  0.0003688094 |             f
    20 |     1050 |     54 |  0.000000E+00 |  0.000000E+00 |  0.0005118822 |             f
    21 |     1100 |     56 |  0.000000E+00 |  0.000000E+00 |  0.0013108473 |             f
    22 |     1150 |     60 |  0.000000E+00 |  0.000000E+00 |  0.0025569589 |             f
    23 |     1200 |     64 |  0.000000E+00 |  0.000000E+00 |  0.0000969357 |             f
    24 |     1250 |     65 |  0.000000E+00 |  0.000000E+00 |  0.0202067218 |         nadir
    25 |     1300 |     69 |  0.000000E+00 |  0.000000E+00 |  0.0001347962 |             f
    26 |     1350 |     77 |  0.000000E+00 |  0.000000E+00 |  0.0003983958 |             f
    27 |     1400 |     81 |  0.000000E+00 |  0.000000E+00 |  0.0005690616 |             f
    28 |     1450 |     85 |  0.000000E+00 |  0.000000E+00 |  0.0006753993 |             f
    29 |     1500 |     87 |  0.000000E+00 |  0.000000E+00 |  0.0007200704 |             f
    30 |     1550 |     89 |  0.000000E+00 |  0.000000E+00 |  0.0007403002 |             f
    31 |     1600 |     93 |  0.000000E+00 |  0.000000E+00 |  0.0010516463 |             f
    32 |     1650 |     96 |  0.000000E+00 |  0.000000E+00 |  0.0013277495 |             f
    33 |     1700 |     97 |  0.000000E+00 |  0.000000E+00 |  0.0013633549 |             f
    34 |     1750 |     99 |  0.000000E+00 |  0.000000E+00 |  0.0167703987 |         nadir
    35 |     1800 |    100 |  0.000000E+00 |  0.000000E+00 |  0.0000740766 |             f
    36 |     1850 |    100 |  0.000000E+00 |  0.000000E+00 |  0.0001615124 |             f
    37 |     1900 |    100 |  0.000000E+00 |  0.000000E+00 |  0.0001634948 |             f
    38 |     1950 |    100 |  0.000000E+00 |  0.000000E+00 |  0.0001902866 |             f
    39 |     2000 |    100 |  0.000000E+00 |  0.000000E+00 |  0.0003651170 |             f
    40 |     2050 |    100 |  0.000000E+00 |  0.000000E+00 |  0.0004161775 |             f
Wrote /tmp/breos-062-release.Zb9Wcm/results/upcoming-publication-trial/battery-cost-sensitivity/battery-cost-350/pareto_results.csv
Wrote /tmp/breos-062-release.Zb9Wcm/results/upcoming-publication-trial/battery-cost-sensitivity/battery-cost-350/pareto_representatives.csv
Wrote /tmp/breos-062-release.Zb9Wcm/results/upcoming-publication-trial/battery-cost-sensitivity/battery-cost-350/reproduction.json
==========================================================================================
n_gen  |  n_eval  | n_nds  |     cv_min    |     cv_avg    |      eps      |   indicator  
==========================================================================================
     1 |      100 |      8 |  0.000000E+00 |  1.249751E+03 |             - |             -
     2 |      150 |      8 |  0.000000E+00 |  3.0046535200 |  0.0093837374 |         ideal
     3 |      200 |     12 |  0.000000E+00 |  0.000000E+00 |  0.0343162933 |             f
     4 |      250 |     16 |  0.000000E+00 |  0.000000E+00 |  0.0140189523 |             f
     5 |      300 |     21 |  0.000000E+00 |  0.000000E+00 |  0.0198663964 |             f
     6 |      350 |     30 |  0.000000E+00 |  0.000000E+00 |  0.0082012404 |         ideal
     7 |      400 |     31 |  0.000000E+00 |  0.000000E+00 |  0.0078823462 |             f
     8 |      450 |     35 |  0.000000E+00 |  0.000000E+00 |  0.0052375162 |         ideal
     9 |      500 |     40 |  0.000000E+00 |  0.000000E+00 |  0.0128245922 |         ideal
    10 |      550 |     45 |  0.000000E+00 |  0.000000E+00 |  0.0036033725 |         ideal
    11 |      600 |     47 |  0.000000E+00 |  0.000000E+00 |  0.0080590030 |         ideal
    12 |      650 |     55 |  0.000000E+00 |  0.000000E+00 |  0.0036968641 |             f
    13 |      700 |     62 |  0.000000E+00 |  0.000000E+00 |  0.0020693290 |             f
    14 |      750 |     68 |  0.000000E+00 |  0.000000E+00 |  0.0035626783 |             f
    15 |      800 |     72 |  0.000000E+00 |  0.000000E+00 |  0.0011468234 |             f
    16 |      850 |     74 |  0.000000E+00 |  0.000000E+00 |  0.0013080789 |             f
    17 |      900 |     80 |  0.000000E+00 |  0.000000E+00 |  0.0020731885 |             f
    18 |      950 |     83 |  0.000000E+00 |  0.000000E+00 |  0.0029656179 |             f
    19 |     1000 |     87 |  0.000000E+00 |  0.000000E+00 |  0.0281282190 |         nadir
    20 |     1050 |     89 |  0.000000E+00 |  0.000000E+00 |  0.0003712928 |             f
    21 |     1100 |     91 |  0.000000E+00 |  0.000000E+00 |  0.0026549858 |         ideal
    22 |     1150 |     93 |  0.000000E+00 |  0.000000E+00 |  0.0000651305 |             f
    23 |     1200 |     94 |  0.000000E+00 |  0.000000E+00 |  0.0064760849 |         nadir
    24 |     1250 |     99 |  0.000000E+00 |  0.000000E+00 |  0.0002970263 |             f
    25 |     1300 |    100 |  0.000000E+00 |  0.000000E+00 |  0.0004749596 |             f
    26 |     1350 |    100 |  0.000000E+00 |  0.000000E+00 |  0.0005477266 |             f
    27 |     1400 |    100 |  0.000000E+00 |  0.000000E+00 |  0.0006982774 |             f
    28 |     1450 |    100 |  0.000000E+00 |  0.000000E+00 |  0.0007957423 |             f
    29 |     1500 |    100 |  0.000000E+00 |  0.000000E+00 |  0.0011602982 |             f
    30 |     1550 |    100 |  0.000000E+00 |  0.000000E+00 |  0.0012620163 |             f
    31 |     1600 |    100 |  0.000000E+00 |  0.000000E+00 |  0.0010548181 |             f
    32 |     1650 |    100 |  0.000000E+00 |  0.000000E+00 |  0.0011034404 |             f
    33 |     1700 |    100 |  0.000000E+00 |  0.000000E+00 |  0.0014598774 |             f
Wrote /tmp/breos-062-release.Zb9Wcm/results/upcoming-publication-trial/battery-cost-sensitivity/battery-cost-500/pareto_results.csv
Wrote /tmp/breos-062-release.Zb9Wcm/results/upcoming-publication-trial/battery-cost-sensitivity/battery-cost-500/pareto_representatives.csv
Wrote /tmp/breos-062-release.Zb9Wcm/results/upcoming-publication-trial/battery-cost-sensitivity/battery-cost-500/reproduction.json
==========================================================================================
n_gen  |  n_eval  | n_nds  |     cv_min    |     cv_avg    |      eps      |   indicator  
==========================================================================================
     1 |      100 |      6 |  0.000000E+00 |  3.637472E+03 |             - |             -
     2 |      150 |      7 |  0.000000E+00 |  4.112028E+02 |  0.0046171946 |         ideal
     3 |      200 |     12 |  0.000000E+00 |  0.2640796400 |  0.0301391818 |         ideal
     4 |      250 |     16 |  0.000000E+00 |  0.000000E+00 |  0.0457497712 |             f
     5 |      300 |     19 |  0.000000E+00 |  0.000000E+00 |  0.0179461923 |         ideal
     6 |      350 |     27 |  0.000000E+00 |  0.000000E+00 |  0.0157175336 |             f
     7 |      400 |     29 |  0.000000E+00 |  0.000000E+00 |  0.0027927556 |         ideal
     8 |      450 |     34 |  0.000000E+00 |  0.000000E+00 |  0.0073971664 |         ideal
     9 |      500 |     35 |  0.000000E+00 |  0.000000E+00 |  0.0047433588 |         ideal
    10 |      550 |     37 |  0.000000E+00 |  0.000000E+00 |  0.0037499455 |         ideal
    11 |      600 |     41 |  0.000000E+00 |  0.000000E+00 |  0.0026579398 |         ideal
    12 |      650 |     46 |  0.000000E+00 |  0.000000E+00 |  0.0016157036 |             f
    13 |      700 |     49 |  0.000000E+00 |  0.000000E+00 |  0.0041188085 |             f
    14 |      750 |     56 |  0.000000E+00 |  0.000000E+00 |  0.0014452366 |             f
    15 |      800 |     56 |  0.000000E+00 |  0.000000E+00 |  0.0031606145 |             f
    16 |      850 |     60 |  0.000000E+00 |  0.000000E+00 |  0.0006223311 |             f
    17 |      900 |     66 |  0.000000E+00 |  0.000000E+00 |  0.0023658608 |             f
    18 |      950 |     70 |  0.000000E+00 |  0.000000E+00 |  0.0034473367 |             f
    19 |     1000 |     72 |  0.000000E+00 |  0.000000E+00 |  0.0002231086 |             f
    20 |     1050 |     81 |  0.000000E+00 |  0.000000E+00 |  0.0007044584 |             f
    21 |     1100 |     81 |  0.000000E+00 |  0.000000E+00 |  0.0009191726 |             f
    22 |     1150 |     81 |  0.000000E+00 |  0.000000E+00 |  0.0011618737 |             f
    23 |     1200 |     85 |  0.000000E+00 |  0.000000E+00 |  0.0012022782 |             f
    24 |     1250 |     85 |  0.000000E+00 |  0.000000E+00 |  0.0013794595 |             f
    25 |     1300 |     88 |  0.000000E+00 |  0.000000E+00 |  0.0014652462 |             f
    26 |     1350 |     90 |  0.000000E+00 |  0.000000E+00 |  0.0036522859 |         nadir
    27 |     1400 |     91 |  0.000000E+00 |  0.000000E+00 |  0.0042043967 |         nadir
    28 |     1450 |    100 |  0.000000E+00 |  0.000000E+00 |  0.0002799726 |             f
    29 |     1500 |    100 |  0.000000E+00 |  0.000000E+00 |  0.0003248822 |             f
    30 |     1550 |    100 |  0.000000E+00 |  0.000000E+00 |  0.0004706518 |             f
    31 |     1600 |     99 |  0.000000E+00 |  0.000000E+00 |  0.0004897100 |             f
    32 |     1650 |    100 |  0.000000E+00 |  0.000000E+00 |  0.0005751766 |             f
    33 |     1700 |    100 |  0.000000E+00 |  0.000000E+00 |  0.0005807014 |             f
    34 |     1750 |    100 |  0.000000E+00 |  0.000000E+00 |  0.0005828423 |             f
    35 |     1800 |    100 |  0.000000E+00 |  0.000000E+00 |  0.0006339406 |             f
    36 |     1850 |    100 |  0.000000E+00 |  0.000000E+00 |  0.0007487786 |             f
    37 |     1900 |    100 |  0.000000E+00 |  0.000000E+00 |  0.0007907023 |             f
Wrote /tmp/breos-062-release.Zb9Wcm/results/upcoming-publication-trial/battery-cost-sensitivity/battery-cost-711/pareto_results.csv
Wrote /tmp/breos-062-release.Zb9Wcm/results/upcoming-publication-trial/battery-cost-sensitivity/battery-cost-711/pareto_representatives.csv
Wrote /tmp/breos-062-release.Zb9Wcm/results/upcoming-publication-trial/battery-cost-sensitivity/battery-cost-711/reproduction.json

[4/9] /tmp/breos-062-release.Zb9Wcm/.venv/bin/python /tmp/breos-062-release.Zb9Wcm/tools/reproduce_article1.py --execution-backend numba --rlp-directory /tmp/breos-062-release.Zb9Wcm/dev/article1-inputs/rlp --resolution h --skip-fixed --full-optimization --n-procs 10 --output /tmp/breos-062-release.Zb9Wcm/results/upcoming-publication-trial/hourly-v1
==========================================================================================
n_gen  |  n_eval  | n_nds  |     cv_min    |     cv_avg    |      eps      |   indicator  
==========================================================================================
     1 |      100 |      7 |  0.000000E+00 |  1.249751E+03 |             - |             -
     2 |      150 |     11 |  0.000000E+00 |  3.1771559600 |  0.0391171678 |             f
     3 |      200 |     13 |  0.000000E+00 |  0.000000E+00 |  0.0222984288 |         ideal
     4 |      250 |     17 |  0.000000E+00 |  0.000000E+00 |  0.0259585299 |             f
     5 |      300 |     19 |  0.000000E+00 |  0.000000E+00 |  0.0100309553 |             f
     6 |      350 |     23 |  0.000000E+00 |  0.000000E+00 |  0.0040759624 |         ideal
     7 |      400 |     28 |  0.000000E+00 |  0.000000E+00 |  0.0095495950 |         ideal
     8 |      450 |     30 |  0.000000E+00 |  0.000000E+00 |  0.0158581898 |         ideal
     9 |      500 |     32 |  0.000000E+00 |  0.000000E+00 |  0.0031473413 |             f
    10 |      550 |     38 |  0.000000E+00 |  0.000000E+00 |  0.0114115242 |         nadir
    11 |      600 |     43 |  0.000000E+00 |  0.000000E+00 |  0.0058252136 |         ideal
    12 |      650 |     50 |  0.000000E+00 |  0.000000E+00 |  0.0032905697 |             f
    13 |      700 |     56 |  0.000000E+00 |  0.000000E+00 |  0.0022725345 |             f
    14 |      750 |     64 |  0.000000E+00 |  0.000000E+00 |  0.0034061098 |             f
    15 |      800 |     66 |  0.000000E+00 |  0.000000E+00 |  0.0013323056 |             f
    16 |      850 |     74 |  0.000000E+00 |  0.000000E+00 |  0.0105285307 |         nadir
    17 |      900 |     80 |  0.000000E+00 |  0.000000E+00 |  0.0003090242 |             f
    18 |      950 |     82 |  0.000000E+00 |  0.000000E+00 |  0.0005361015 |             f
    19 |     1000 |     83 |  0.000000E+00 |  0.000000E+00 |  0.0008405390 |             f
    20 |     1050 |     88 |  0.000000E+00 |  0.000000E+00 |  0.0010458061 |             f
    21 |     1100 |     97 |  0.000000E+00 |  0.000000E+00 |  0.0101250245 |         nadir
    22 |     1150 |    100 |  0.000000E+00 |  0.000000E+00 |  0.0062869355 |         nadir
    23 |     1200 |    100 |  0.000000E+00 |  0.000000E+00 |  0.0000606859 |             f
    24 |     1250 |    100 |  0.000000E+00 |  0.000000E+00 |  0.0001826364 |             f
    25 |     1300 |    100 |  0.000000E+00 |  0.000000E+00 |  0.0005431262 |             f
    26 |     1350 |    100 |  0.000000E+00 |  0.000000E+00 |  0.0007019602 |             f
    27 |     1400 |    100 |  0.000000E+00 |  0.000000E+00 |  0.0008608657 |             f
    28 |     1450 |    100 |  0.000000E+00 |  0.000000E+00 |  0.0008839140 |             f
    29 |     1500 |    100 |  0.000000E+00 |  0.000000E+00 |  0.0011679308 |             f
    30 |     1550 |    100 |  0.000000E+00 |  0.000000E+00 |  0.0011861223 |             f
    31 |     1600 |    100 |  0.000000E+00 |  0.000000E+00 |  0.0012037992 |             f
    32 |     1650 |    100 |  0.000000E+00 |  0.000000E+00 |  0.0014858204 |             f
Wrote /tmp/breos-062-release.Zb9Wcm/results/upcoming-publication-trial/hourly-v1/pareto_results.csv
Wrote /tmp/breos-062-release.Zb9Wcm/results/upcoming-publication-trial/hourly-v1/pareto_representatives.csv
Wrote /tmp/breos-062-release.Zb9Wcm/results/upcoming-publication-trial/hourly-v1/reproduction.json

[5/9] /tmp/breos-062-release.Zb9Wcm/.venv/bin/python /tmp/breos-062-release.Zb9Wcm/tools/reproduce_article1.py --execution-backend numba --rlp-directory /tmp/breos-062-release.Zb9Wcm/dev/article1-inputs/rlp --load-profile h0 --candidate C2 --output /tmp/breos-062-release.Zb9Wcm/results/upcoming-publication-trial/load-profile-h0
Label  Modules  Battery_kWh  Tilt  Azimuth  Reference_Projected_GI_%  BREOS_Projected_GI_%  GI_Difference_pp  Reference_Projected_NPV_Eur  BREOS_Projected_NPV_Eur  NPV_Difference_Eur  Projected_Grid_Independence_%  Projected_Grid_Independence_Year1_%  Projected_Grid_Independence_FinalYear_%  Projected_Grid_Independence_Mean_%  Projected_Grid_Independence_Min_%  Projected_ZEB_Ratio  Projected_ZEB_Ratio_Year1  Projected_ZEB_Ratio_FinalYear  Projected_ZEB_Ratio_Mean  Projected_ZEB_Ratio_Min  Projected_NPV_Eur  Projected_Breakeven_Year  Projected_Breakeven_Year_Exact  Projected_Initial_Cost_Eur  Projected_Replacement_Cost_Eur  Projected_Total_Replacements  Projected_Final_SOH_%  Projected_PV_Production_Year1_kWh  Projected_PV_Production_FinalYear_kWh  Projected_PV_DC_Year1_kWh  Projected_PV_DC_FinalYear_kWh  Projected_PV_DC_Curtailed_Year1_kWh  Projected_Inverter_Loss_Year1_kWh  Projected_LCOE_Eur_kWh  Projected_CO2_Avoided_Total_kg  Projected_CO2_Avoided_SelfConsumed_kg
   C2        9          5.0  25.0    185.0                       NaN             66.983721               NaN                          NaN              4217.328212                 NaN                      66.983721                            70.585924                                 64.10797                           66.983721                           64.10797             1.422609                   1.487907                       1.357816                  1.422609                 1.357816        4217.328212                      10.0                        9.278114                   7294.9668                          2500.0                             1              71.010008                        7439.537099                            6789.081167                7896.294169                    7178.965287                             7.400668                         355.240964                0.116367                    18196.593472                            8566.882955

Wrote /tmp/breos-062-release.Zb9Wcm/results/upcoming-publication-trial/load-profile-h0/fixed_candidates.csv
Wrote /tmp/breos-062-release.Zb9Wcm/results/upcoming-publication-trial/load-profile-h0/reproduction.json

[6/9] /tmp/breos-062-release.Zb9Wcm/.venv/bin/python /tmp/breos-062-release.Zb9Wcm/tools/reproduce_article1.py --execution-backend numba --rlp-directory /tmp/breos-062-release.Zb9Wcm/dev/article1-inputs/rlp --calendar-model naumann_lam_field_calibrated_v2 --candidate C2 --full-optimization --n-procs 10 --output /tmp/breos-062-release.Zb9Wcm/results/upcoming-publication-trial/field-v2
Label  Modules  Battery_kWh  Tilt  Azimuth  Reference_Projected_GI_%  BREOS_Projected_GI_%  GI_Difference_pp  Reference_Projected_NPV_Eur  BREOS_Projected_NPV_Eur  NPV_Difference_Eur  Projected_Grid_Independence_%  Projected_Grid_Independence_Year1_%  Projected_Grid_Independence_FinalYear_%  Projected_Grid_Independence_Mean_%  Projected_Grid_Independence_Min_%  Projected_ZEB_Ratio  Projected_ZEB_Ratio_Year1  Projected_ZEB_Ratio_FinalYear  Projected_ZEB_Ratio_Mean  Projected_ZEB_Ratio_Min  Projected_NPV_Eur  Projected_Breakeven_Year  Projected_Breakeven_Year_Exact  Projected_Initial_Cost_Eur  Projected_Replacement_Cost_Eur  Projected_Total_Replacements  Projected_Final_SOH_%  Projected_PV_Production_Year1_kWh  Projected_PV_Production_FinalYear_kWh  Projected_PV_DC_Year1_kWh  Projected_PV_DC_FinalYear_kWh  Projected_PV_DC_Curtailed_Year1_kWh  Projected_Inverter_Loss_Year1_kWh  Projected_LCOE_Eur_kWh  Projected_CO2_Avoided_Total_kg  Projected_CO2_Avoided_SelfConsumed_kg
   C2        9          5.0  25.0    185.0                       NaN             64.057709               NaN                          NaN              4014.239242                 NaN                      64.057709                            67.583983                                65.074816                           64.057709                          60.942358             1.421729                   1.487355                       1.352871                  1.421729                 1.352871        4014.239242                      10.0                        9.602967                   7294.9668                          2500.0                             1              89.141722                        7436.775182                            6764.354391                7896.294169                    7178.965287                             7.927554                         356.253278                 0.11325                    18185.339246                             8192.59976

Wrote /tmp/breos-062-release.Zb9Wcm/results/upcoming-publication-trial/field-v2/fixed_candidates.csv
==========================================================================================
n_gen  |  n_eval  | n_nds  |     cv_min    |     cv_avg    |      eps      |   indicator  
==========================================================================================
     1 |      100 |     10 |  0.000000E+00 |  1.249751E+03 |             - |             -
     2 |      150 |     12 |  0.000000E+00 |  3.0996584000 |  0.0387828597 |             f
     3 |      200 |     14 |  0.000000E+00 |  0.000000E+00 |  0.0097283865 |             f
     4 |      250 |     20 |  0.000000E+00 |  0.000000E+00 |  0.0077498322 |         ideal
     5 |      300 |     19 |  0.000000E+00 |  0.000000E+00 |  0.0218724320 |             f
     6 |      350 |     18 |  0.000000E+00 |  0.000000E+00 |  0.0072945244 |         ideal
     7 |      400 |     16 |  0.000000E+00 |  0.000000E+00 |  0.0278201413 |         ideal
     8 |      450 |     22 |  0.000000E+00 |  0.000000E+00 |  0.0112528418 |         ideal
     9 |      500 |     27 |  0.000000E+00 |  0.000000E+00 |  0.0079822648 |             f
    10 |      550 |     29 |  0.000000E+00 |  0.000000E+00 |  0.0085566518 |         ideal
    11 |      600 |     33 |  0.000000E+00 |  0.000000E+00 |  0.0037804888 |             f
    12 |      650 |     27 |  0.000000E+00 |  0.000000E+00 |  0.0037684157 |             f
    13 |      700 |     29 |  0.000000E+00 |  0.000000E+00 |  0.0042219653 |             f
    14 |      750 |     32 |  0.000000E+00 |  0.000000E+00 |  0.0037018537 |             f
    15 |      800 |     37 |  0.000000E+00 |  0.000000E+00 |  0.1058795823 |         nadir
    16 |      850 |     36 |  0.000000E+00 |  0.000000E+00 |  0.1138174712 |         nadir
    17 |      900 |     37 |  0.000000E+00 |  0.000000E+00 |  0.0019233330 |             f
    18 |      950 |     35 |  0.000000E+00 |  0.000000E+00 |  0.0029332371 |             f
    19 |     1000 |     38 |  0.000000E+00 |  0.000000E+00 |  0.0106854800 |         nadir
    20 |     1050 |     43 |  0.000000E+00 |  0.000000E+00 |  0.0002875100 |             f
    21 |     1100 |     45 |  0.000000E+00 |  0.000000E+00 |  0.1013505962 |         nadir
    22 |     1150 |     47 |  0.000000E+00 |  0.000000E+00 |  0.0005356058 |             f
    23 |     1200 |     44 |  0.000000E+00 |  0.000000E+00 |  0.0012773301 |             f
    24 |     1250 |     45 |  0.000000E+00 |  0.000000E+00 |  0.0021411509 |             f
    25 |     1300 |     49 |  0.000000E+00 |  0.000000E+00 |  0.0024793937 |             f
    26 |     1350 |     48 |  0.000000E+00 |  0.000000E+00 |  0.0071830431 |         nadir
    27 |     1400 |     49 |  0.000000E+00 |  0.000000E+00 |  0.0002662386 |             f
    28 |     1450 |     48 |  0.000000E+00 |  0.000000E+00 |  0.0005712314 |             f
    29 |     1500 |     49 |  0.000000E+00 |  0.000000E+00 |  0.0015491983 |             f
    30 |     1550 |     52 |  0.000000E+00 |  0.000000E+00 |  0.0015867419 |             f
    31 |     1600 |     52 |  0.000000E+00 |  0.000000E+00 |  0.0015620381 |             f
    32 |     1650 |     52 |  0.000000E+00 |  0.000000E+00 |  0.0015620381 |             f
    33 |     1700 |     58 |  0.000000E+00 |  0.000000E+00 |  0.0016983333 |             f
    34 |     1750 |     58 |  0.000000E+00 |  0.000000E+00 |  0.0019882566 |             f
    35 |     1800 |     60 |  0.000000E+00 |  0.000000E+00 |  0.0021834488 |             f
    36 |     1850 |     58 |  0.000000E+00 |  0.000000E+00 |  0.0020347013 |             f
Wrote /tmp/breos-062-release.Zb9Wcm/results/upcoming-publication-trial/field-v2/pareto_results.csv
Wrote /tmp/breos-062-release.Zb9Wcm/results/upcoming-publication-trial/field-v2/pareto_representatives.csv
Wrote /tmp/breos-062-release.Zb9Wcm/results/upcoming-publication-trial/field-v2/reproduction.json

[7/9] /tmp/breos-062-release.Zb9Wcm/.venv/bin/python /tmp/breos-062-release.Zb9Wcm/tools/reproduce_article1.py --execution-backend numba --rlp-directory /tmp/breos-062-release.Zb9Wcm/dev/article1-inputs/rlp --calendar-model naumann_lam --candidate C2 --full-optimization --n-procs 10 --output /tmp/breos-062-release.Zb9Wcm/results/upcoming-publication-trial/laboratory
Label  Modules  Battery_kWh  Tilt  Azimuth  Reference_Projected_GI_%  BREOS_Projected_GI_%  GI_Difference_pp  Reference_Projected_NPV_Eur  BREOS_Projected_NPV_Eur  NPV_Difference_Eur  Projected_Grid_Independence_%  Projected_Grid_Independence_Year1_%  Projected_Grid_Independence_FinalYear_%  Projected_Grid_Independence_Mean_%  Projected_Grid_Independence_Min_%  Projected_ZEB_Ratio  Projected_ZEB_Ratio_Year1  Projected_ZEB_Ratio_FinalYear  Projected_ZEB_Ratio_Mean  Projected_ZEB_Ratio_Min  Projected_NPV_Eur  Projected_Breakeven_Year  Projected_Breakeven_Year_Exact  Projected_Initial_Cost_Eur  Projected_Replacement_Cost_Eur  Projected_Total_Replacements  Projected_Final_SOH_%  Projected_PV_Production_Year1_kWh  Projected_PV_Production_FinalYear_kWh  Projected_PV_DC_Year1_kWh  Projected_PV_DC_FinalYear_kWh  Projected_PV_DC_Curtailed_Year1_kWh  Projected_Inverter_Loss_Year1_kWh  Projected_LCOE_Eur_kWh  Projected_CO2_Avoided_Total_kg  Projected_CO2_Avoided_SelfConsumed_kg
   C2        9          5.0  25.0    185.0                       NaN             65.238656               NaN                          NaN              5711.409032                 NaN                      65.238656                            67.841079                                63.298791                           65.238656                          63.298791             1.420536                    1.48709                         1.3547                  1.420536                   1.3547        5711.409032                      10.0                        9.430561                   7294.9668                             0.0                             0              82.012707                        7435.449593                            6773.499786                7896.294169                    7178.965287                              7.77529                          356.81821                0.096567                     18170.07789                            8344.163605

Wrote /tmp/breos-062-release.Zb9Wcm/results/upcoming-publication-trial/laboratory/fixed_candidates.csv
==========================================================================================
n_gen  |  n_eval  | n_nds  |     cv_min    |     cv_avg    |      eps      |   indicator  
==========================================================================================
     1 |      100 |      3 |  0.000000E+00 |  1.249751E+03 |             - |             -
     2 |      150 |      4 |  0.000000E+00 |  3.6929494400 |  0.0391875843 |             f
     3 |      200 |      7 |  0.000000E+00 |  0.000000E+00 |  0.0566778897 |         ideal
     4 |      250 |     11 |  0.000000E+00 |  0.000000E+00 |  0.0190900385 |         ideal
     5 |      300 |     12 |  0.000000E+00 |  0.000000E+00 |  0.0198701205 |         ideal
     6 |      350 |     12 |  0.000000E+00 |  0.000000E+00 |  0.0171442956 |         nadir
     7 |      400 |     17 |  0.000000E+00 |  0.000000E+00 |  0.0246370156 |         ideal
     8 |      450 |     19 |  0.000000E+00 |  0.000000E+00 |  0.0100762035 |             f
     9 |      500 |     20 |  0.000000E+00 |  0.000000E+00 |  0.0092209389 |         ideal
    10 |      550 |     21 |  0.000000E+00 |  0.000000E+00 |  0.0113708755 |             f
    11 |      600 |     24 |  0.000000E+00 |  0.000000E+00 |  0.0066258019 |         ideal
    12 |      650 |     25 |  0.000000E+00 |  0.000000E+00 |  0.0058688618 |             f
    13 |      700 |     28 |  0.000000E+00 |  0.000000E+00 |  0.0317311461 |         nadir
    14 |      750 |     33 |  0.000000E+00 |  0.000000E+00 |  0.2133967837 |         nadir
    15 |      800 |     32 |  0.000000E+00 |  0.000000E+00 |  0.0013908960 |             f
    16 |      850 |     32 |  0.000000E+00 |  0.000000E+00 |  0.0023019002 |             f
    17 |      900 |     32 |  0.000000E+00 |  0.000000E+00 |  0.0063474372 |             f
    18 |      950 |     31 |  0.000000E+00 |  0.000000E+00 |  0.0009030473 |             f
    19 |     1000 |     37 |  0.000000E+00 |  0.000000E+00 |  0.0040196390 |         ideal
    20 |     1050 |     40 |  0.000000E+00 |  0.000000E+00 |  0.0003850639 |             f
    21 |     1100 |     42 |  0.000000E+00 |  0.000000E+00 |  0.0169462847 |         ideal
    22 |     1150 |     46 |  0.000000E+00 |  0.000000E+00 |  0.0006527220 |             f
    23 |     1200 |     50 |  0.000000E+00 |  0.000000E+00 |  0.0009750650 |             f
    24 |     1250 |     52 |  0.000000E+00 |  0.000000E+00 |  0.0037931795 |         ideal
    25 |     1300 |     54 |  0.000000E+00 |  0.000000E+00 |  0.0001561712 |             f
    26 |     1350 |     55 |  0.000000E+00 |  0.000000E+00 |  0.0002520345 |             f
    27 |     1400 |     56 |  0.000000E+00 |  0.000000E+00 |  0.0002701871 |             f
    28 |     1450 |     57 |  0.000000E+00 |  0.000000E+00 |  0.0003788793 |             f
    29 |     1500 |     58 |  0.000000E+00 |  0.000000E+00 |  0.0004288839 |             f
    30 |     1550 |     58 |  0.000000E+00 |  0.000000E+00 |  0.0004288839 |             f
    31 |     1600 |     58 |  0.000000E+00 |  0.000000E+00 |  0.0004288839 |             f
    32 |     1650 |     58 |  0.000000E+00 |  0.000000E+00 |  0.0004288839 |             f
    33 |     1700 |     59 |  0.000000E+00 |  0.000000E+00 |  0.0004420289 |             f
    34 |     1750 |     59 |  0.000000E+00 |  0.000000E+00 |  0.0004420289 |             f
Wrote /tmp/breos-062-release.Zb9Wcm/results/upcoming-publication-trial/laboratory/pareto_results.csv
Wrote /tmp/breos-062-release.Zb9Wcm/results/upcoming-publication-trial/laboratory/pareto_representatives.csv
Wrote /tmp/breos-062-release.Zb9Wcm/results/upcoming-publication-trial/laboratory/reproduction.json

[8/9] /tmp/breos-062-release.Zb9Wcm/.venv/bin/python /tmp/breos-062-release.Zb9Wcm/tools/reproduce_article1_context.py --output /tmp/breos-062-release.Zb9Wcm/results/upcoming-publication-trial/orientation orientation
Wrote /tmp/breos-062-release.Zb9Wcm/results/upcoming-publication-trial/orientation/provenance.json

[9/9] /tmp/breos-062-release.Zb9Wcm/.venv/bin/python /tmp/breos-062-release.Zb9Wcm/tools/reproduce_article1_context.py --output /tmp/breos-062-release.Zb9Wcm/results/upcoming-publication-trial/weather-comparison weather-comparison --historical-weather-file /tmp/breos-062-release.Zb9Wcm/dev/article1-inputs/weather/porto_historical_2005_2024_openmeteo.csv
Wrote /tmp/breos-062-release.Zb9Wcm/results/upcoming-publication-trial/weather-comparison/provenance.json
=== analysis exited 0 2026-09-03T18:18:38+01:00 ===
=== monte-carlo starting 2026-09-03T18:18:38+01:00 ===
execution: {"execution_backend": "numba", "jit_cache": "unknown", "llvmlite": "0.48.0", "numba": "0.66.0", "numpy": "2.4.6", "pandas": "3.0.5", "python": "3.13.14"}

[1/4] /tmp/breos-062-release.Zb9Wcm/.venv/bin/python /tmp/breos-062-release.Zb9Wcm/tools/preflight_article1_inputs.py --rlp-directory /tmp/breos-062-release.Zb9Wcm/dev/article1-inputs/rlp --historical-weather-file /tmp/breos-062-release.Zb9Wcm/dev/article1-inputs/weather/porto_historical_2005_2024_openmeteo.csv --output /tmp/breos-062-release.Zb9Wcm/results/upcoming-publication-trial/input-manifest.json
Input preflight for the forthcoming publication passed; wrote /tmp/breos-062-release.Zb9Wcm/results/upcoming-publication-trial/input-manifest.json

[2/4] /tmp/breos-062-release.Zb9Wcm/.venv/bin/python /tmp/breos-062-release.Zb9Wcm/tools/reproduce_article1_montecarlo.py --case all --rlp-directory /tmp/breos-062-release.Zb9Wcm/dev/article1-inputs/rlp --weather-file /tmp/breos-062-release.Zb9Wcm/dev/article1-inputs/weather/porto_historical_2005_2024_openmeteo.csv --validate-only
Validated the forthcoming publication's Monte Carlo configuration for: C1, C2, C3, C4, C5

[3/4] /tmp/breos-062-release.Zb9Wcm/.venv/bin/python /tmp/breos-062-release.Zb9Wcm/tools/reproduce_article1_montecarlo.py --case C2 --execution-backend numba --rlp-directory /tmp/breos-062-release.Zb9Wcm/dev/article1-inputs/rlp --weather-file /tmp/breos-062-release.Zb9Wcm/dev/article1-inputs/weather/porto_historical_2005_2024_openmeteo.csv --n-procs 10 --output /tmp/breos-062-release.Zb9Wcm/results/upcoming-publication-trial/monte-carlo-v1
C2: wrote /tmp/breos-062-release.Zb9Wcm/results/upcoming-publication-trial/monte-carlo-v1/c2

[4/4] /tmp/breos-062-release.Zb9Wcm/.venv/bin/python /tmp/breos-062-release.Zb9Wcm/tools/reproduce_article1_montecarlo.py --case C1 --case C3 --case C4 --case C5 --execution-backend numba --rlp-directory /tmp/breos-062-release.Zb9Wcm/dev/article1-inputs/rlp --weather-file /tmp/breos-062-release.Zb9Wcm/dev/article1-inputs/weather/porto_historical_2005_2024_openmeteo.csv --n-procs 10 --output /tmp/breos-062-release.Zb9Wcm/results/upcoming-publication-trial/monte-carlo-v1
C1: wrote /tmp/breos-062-release.Zb9Wcm/results/upcoming-publication-trial/monte-carlo-v1/c1
C3: wrote /tmp/breos-062-release.Zb9Wcm/results/upcoming-publication-trial/monte-carlo-v1/c3
C4: wrote /tmp/breos-062-release.Zb9Wcm/results/upcoming-publication-trial/monte-carlo-v1/c4
C5: wrote /tmp/breos-062-release.Zb9Wcm/results/upcoming-publication-trial/monte-carlo-v1/c5
=== monte-carlo exited 0 2026-09-03T18:43:43+01:00 ===
=== verify starting 2026-09-03T18:43:43+01:00 ===
execution: {"execution_backend": "python", "numpy": "2.4.6", "pandas": "3.0.5", "python": "3.13.14"}

[1/1] /tmp/breos-062-release.Zb9Wcm/.venv/bin/python /tmp/breos-062-release.Zb9Wcm/tools/verify_article1_bundle.py /tmp/breos-062-release.Zb9Wcm/results/upcoming-publication-trial
Forthcoming publication bundle verification passed: /tmp/breos-062-release.Zb9Wcm/results/upcoming-publication-trial
Verified 15 provenance reports from one BREOS commit.
=== verify exited 0 2026-09-03T18:43:44+01:00 ===
=== all stages complete 2026-09-03T18:43:44+01:00 ===
