=== field-v2 (naumann_lam_field_calibrated_v2) starting 2026-09-03T19:03:22+01:00 ===
==========================================================================================
n_gen  |  n_eval  | n_nds  |     cv_min    |     cv_avg    |      eps      |   indicator  
==========================================================================================
     1 |      100 |      5 |  0.000000E+00 |  2.310707E+02 |             - |             -
     2 |      150 |      7 |  0.000000E+00 |  0.2632227200 |  0.0188171835 |         ideal
     3 |      200 |     12 |  0.000000E+00 |  0.000000E+00 |  0.0131392298 |         ideal
     4 |      250 |     11 |  0.000000E+00 |  0.000000E+00 |  0.0377247837 |         ideal
     5 |      300 |     14 |  0.000000E+00 |  0.000000E+00 |  0.0218469428 |             f
     6 |      350 |     19 |  0.000000E+00 |  0.000000E+00 |  0.0580718625 |         ideal
     7 |      400 |     22 |  0.000000E+00 |  0.000000E+00 |  0.0172164190 |         ideal
     8 |      450 |     24 |  0.000000E+00 |  0.000000E+00 |  0.0143617855 |         ideal
     9 |      500 |     27 |  0.000000E+00 |  0.000000E+00 |  0.0088285479 |             f
    10 |      550 |     24 |  0.000000E+00 |  0.000000E+00 |  0.0376566046 |         ideal
    11 |      600 |     26 |  0.000000E+00 |  0.000000E+00 |  0.0093643648 |         ideal
    12 |      650 |     27 |  0.000000E+00 |  0.000000E+00 |  0.0453473952 |         nadir
    13 |      700 |     28 |  0.000000E+00 |  0.000000E+00 |  0.0236429405 |         ideal
    14 |      750 |     32 |  0.000000E+00 |  0.000000E+00 |  0.0069304317 |             f
    15 |      800 |     35 |  0.000000E+00 |  0.000000E+00 |  0.0050474828 |             f
    16 |      850 |     36 |  0.000000E+00 |  0.000000E+00 |  0.0013766501 |             f
    17 |      900 |     33 |  0.000000E+00 |  0.000000E+00 |  0.0029335296 |             f
    18 |      950 |     33 |  0.000000E+00 |  0.000000E+00 |  0.0024489892 |             f
    19 |     1000 |     39 |  0.000000E+00 |  0.000000E+00 |  0.0062261099 |             f
    20 |     1050 |     43 |  0.000000E+00 |  0.000000E+00 |  0.0106095854 |         ideal
    21 |     1100 |     46 |  0.000000E+00 |  0.000000E+00 |  0.0038606278 |         ideal
    22 |     1150 |     49 |  0.000000E+00 |  0.000000E+00 |  0.0079493482 |         ideal
    23 |     1200 |     47 |  0.000000E+00 |  0.000000E+00 |  0.0024052831 |             f
    24 |     1250 |     51 |  0.000000E+00 |  0.000000E+00 |  0.0042317062 |             f
    25 |     1300 |     55 |  0.000000E+00 |  0.000000E+00 |  0.0018636290 |             f
    26 |     1350 |     60 |  0.000000E+00 |  0.000000E+00 |  0.0026428399 |             f
    27 |     1400 |     66 |  0.000000E+00 |  0.000000E+00 |  0.0003504263 |             f
    28 |     1450 |     67 |  0.000000E+00 |  0.000000E+00 |  0.0005030837 |             f
    29 |     1500 |     69 |  0.000000E+00 |  0.000000E+00 |  0.0007256241 |             f
    30 |     1550 |     70 |  0.000000E+00 |  0.000000E+00 |  0.0009538630 |             f
    31 |     1600 |     71 |  0.000000E+00 |  0.000000E+00 |  0.0010777330 |             f
    32 |     1650 |     71 |  0.000000E+00 |  0.000000E+00 |  0.0011064865 |             f
    33 |     1700 |     75 |  0.000000E+00 |  0.000000E+00 |  0.0013198356 |             f
    34 |     1750 |     77 |  0.000000E+00 |  0.000000E+00 |  0.0013751997 |             f
    35 |     1800 |     76 |  0.000000E+00 |  0.000000E+00 |  0.0014653744 |             f
    36 |     1850 |     79 |  0.000000E+00 |  0.000000E+00 |  0.0019849006 |             f
Wrote /tmp/breos-062-release.Zb9Wcm/results/cost-degradation-cross/field-v2/battery-cost-350/pareto_results.csv
Wrote /tmp/breos-062-release.Zb9Wcm/results/cost-degradation-cross/field-v2/battery-cost-350/pareto_representatives.csv
Wrote /tmp/breos-062-release.Zb9Wcm/results/cost-degradation-cross/field-v2/battery-cost-350/reproduction.json
==========================================================================================
n_gen  |  n_eval  | n_nds  |     cv_min    |     cv_avg    |      eps      |   indicator  
==========================================================================================
     1 |      100 |      8 |  0.000000E+00 |  3.637472E+03 |             - |             -
     2 |      150 |     11 |  0.000000E+00 |  3.837439E+02 |  0.0062534786 |         ideal
     3 |      200 |     16 |  0.000000E+00 |  0.8298243200 |  0.0063297618 |         nadir
     4 |      250 |     20 |  0.000000E+00 |  0.000000E+00 |  0.0150532762 |             f
     5 |      300 |     21 |  0.000000E+00 |  0.000000E+00 |  0.0068301002 |         ideal
     6 |      350 |     23 |  0.000000E+00 |  0.000000E+00 |  0.0284099511 |         ideal
     7 |      400 |     21 |  0.000000E+00 |  0.000000E+00 |  0.0301705544 |             f
     8 |      450 |     24 |  0.000000E+00 |  0.000000E+00 |  0.0028122883 |         ideal
     9 |      500 |     27 |  0.000000E+00 |  0.000000E+00 |  0.0052151614 |             f
    10 |      550 |     26 |  0.000000E+00 |  0.000000E+00 |  0.0042547589 |         ideal
    11 |      600 |     30 |  0.000000E+00 |  0.000000E+00 |  0.0115295752 |         ideal
    12 |      650 |     31 |  0.000000E+00 |  0.000000E+00 |  0.0020450034 |             f
    13 |      700 |     31 |  0.000000E+00 |  0.000000E+00 |  0.0046902583 |             f
    14 |      750 |     33 |  0.000000E+00 |  0.000000E+00 |  0.0053887499 |         ideal
    15 |      800 |     34 |  0.000000E+00 |  0.000000E+00 |  0.0021852180 |             f
    16 |      850 |     34 |  0.000000E+00 |  0.000000E+00 |  0.0033836263 |             f
    17 |      900 |     34 |  0.000000E+00 |  0.000000E+00 |  0.0037147615 |         ideal
    18 |      950 |     37 |  0.000000E+00 |  0.000000E+00 |  0.0012314284 |             f
    19 |     1000 |     39 |  0.000000E+00 |  0.000000E+00 |  0.0012896634 |             f
    20 |     1050 |     44 |  0.000000E+00 |  0.000000E+00 |  0.0166974201 |         nadir
    21 |     1100 |     46 |  0.000000E+00 |  0.000000E+00 |  0.0001347198 |             f
    22 |     1150 |     43 |  0.000000E+00 |  0.000000E+00 |  0.0175882074 |         nadir
    23 |     1200 |     42 |  0.000000E+00 |  0.000000E+00 |  0.0002942353 |             f
    24 |     1250 |     42 |  0.000000E+00 |  0.000000E+00 |  0.0003437840 |             f
    25 |     1300 |     44 |  0.000000E+00 |  0.000000E+00 |  0.0012808461 |             f
    26 |     1350 |     46 |  0.000000E+00 |  0.000000E+00 |  0.0014454555 |             f
    27 |     1400 |     45 |  0.000000E+00 |  0.000000E+00 |  0.0030487741 |         ideal
    28 |     1450 |     44 |  0.000000E+00 |  0.000000E+00 |  0.0003854549 |             f
    29 |     1500 |     44 |  0.000000E+00 |  0.000000E+00 |  0.0003854549 |             f
    30 |     1550 |     45 |  0.000000E+00 |  0.000000E+00 |  0.0003869330 |             f
    31 |     1600 |     46 |  0.000000E+00 |  0.000000E+00 |  0.0004661610 |             f
    32 |     1650 |     46 |  0.000000E+00 |  0.000000E+00 |  0.0015753453 |             f
    33 |     1700 |     46 |  0.000000E+00 |  0.000000E+00 |  0.0016761488 |             f
    34 |     1750 |     46 |  0.000000E+00 |  0.000000E+00 |  0.0016761488 |             f
    35 |     1800 |     48 |  0.000000E+00 |  0.000000E+00 |  0.0183363283 |         nadir
    36 |     1850 |     48 |  0.000000E+00 |  0.000000E+00 |  0.0003139470 |             f
    37 |     1900 |     52 |  0.000000E+00 |  0.000000E+00 |  0.0005493369 |             f
    38 |     1950 |     53 |  0.000000E+00 |  0.000000E+00 |  0.0008996206 |             f
    39 |     2000 |     54 |  0.000000E+00 |  0.000000E+00 |  0.0010603184 |             f
    40 |     2050 |     53 |  0.000000E+00 |  0.000000E+00 |  0.0010180873 |             f
Wrote /tmp/breos-062-release.Zb9Wcm/results/cost-degradation-cross/field-v2/battery-cost-711/pareto_results.csv
Wrote /tmp/breos-062-release.Zb9Wcm/results/cost-degradation-cross/field-v2/battery-cost-711/pareto_representatives.csv
Wrote /tmp/breos-062-release.Zb9Wcm/results/cost-degradation-cross/field-v2/battery-cost-711/reproduction.json
=== field-v2 exited 0 2026-09-03T19:11:33+01:00 ===
=== laboratory (naumann_lam) starting 2026-09-03T19:11:33+01:00 ===

=== attempt stopped 2026-09-03T19:15:40+01:00: killed deliberately.
=== It ran against the superseded candidate set and the absolute 4352 W cap.
=== Its outputs were deleted; the four cells were rerun by driver-rerun2.sh.
