=== task3 starting 2026-09-03T19:15:58+01:00 ===
3 models x 3 settings = 9 runs
1935 evaluations in 72 chunks on 16 workers
1935 evaluations in 169.8 s (11.39/s)
[PASS] config sha256 is the accepted one: b7b467ece194c89e047a9eec97e849eea2dd9cab3d7e909a7ac489889ca319bc
[PASS] HEAD is the commit this run records: b3d00348a617bc51b27b6ff67717e3f7a4907d8b
[PASS] tracked worktree is clean: clean
[PASS] every model and setting ran: 9 runs
[PASS] grid evaluation count is exact: 1890 rows
[PASS] candidate replay count is exact: 45 rows
[PASS] no evaluation returned a null objective: none
[PASS] disabling replacement never replaces a pack: 0 replacements recorded
[PASS] an 80% threshold never yields fewer replacements than a 70% threshold: 80% >= 70% replacement count for every candidate
[PASS] an 80% threshold never triggers its first replacement later than a 70% threshold: first 80% replacement year <= first 70% replacement year for every candidate
[PASS] field-v1 slice at 35/195 covers every accepted design: 210 merged, 210 accepted, 210 reduced
[PASS] field-v1 slice reproduces the accepted lattice bit-for-bit: max |dGI| 0.000e+00 pp, max |dNPV| 0.000e+00 EUR
[PASS] field-v1 max_npv matches the accepted lattice on the same slice: 6 mod / 0 kWh, NPV np.float64(5439.469099226879)
[PASS] field-v1 knee matches the accepted lattice on the same slice: 9 mod / 9 kWh, NPV np.float64(2650.3675120267)
[PASS] field-v1 max_gi matches the accepted lattice on the same slice: 9 mod / 20 kWh, NPV np.float64(-4935.698944463191)
[PASS] field-v2 slice at 40/200 covers every accepted design: 210 merged, 210 accepted, 210 reduced
[PASS] field-v2 slice reproduces the accepted lattice bit-for-bit: max |dGI| 0.000e+00 pp, max |dNPV| 0.000e+00 EUR
[PASS] field-v2 max_npv matches the accepted lattice on the same slice: 5 mod / 6 kWh, NPV np.float64(5498.622780417705)
[PASS] field-v2 knee matches the accepted lattice on the same slice: 9 mod / 10 kWh, NPV np.float64(2730.150623365571)
[PASS] field-v2 max_gi matches the accepted lattice on the same slice: 9 mod / 20 kWh, NPV np.float64(-4319.172900767706)
[PASS] laboratory slice at 45/190 covers every accepted design: 210 merged, 210 accepted, 210 reduced
[PASS] laboratory slice reproduces the accepted lattice bit-for-bit: max |dGI| 0.000e+00 pp, max |dNPV| 0.000e+00 EUR
[PASS] laboratory max_npv matches the accepted lattice on the same slice: 8 mod / 9 kWh, NPV np.float64(6169.244058431515)
[PASS] laboratory knee matches the accepted lattice on the same slice: 9 mod / 13 kWh, NPV np.float64(5147.027651899431)
[PASS] laboratory max_gi matches the accepted lattice on the same slice: 9 mod / 20 kWh, NPV np.float64(2309.5262244231853)
[PASS] every model's knee sizing matches the accepted full-grid knee: field-v1 9 mod / 9 kWh; field-v2 9 mod / 10 kWh; laboratory 9 mod / 13 kWh
[PASS] PV-only designs are identical across all settings and models: max NPV spread 0.000e+00 EUR

27 of 27 checks passed
=== task3 exited 0 2026-09-03T19:18:49+01:00 ===
